[11:14:02] tier=t1 root=gs://oss-shift-a506-raw/raw budget=60.0 GiB mode=EXECUTE
[11:14:05] 최신 스냅샷 2026-08-31 · 잡 228개
[11:14:07]   · projects 2022-05-08: dry-run 0.122 GiB  (누적 0.122 GiB / 60.0 GiB)
[11:14:17]   ✓ projects 2022-05-08: billed 0.122 GiB · rows 1,996,332 (기대 1,996,332 exact)
[11:14:17]     files 5 · 43 MiB · 9.1s · verify=ok · job 14426206-458e-43f1-8044-8fd672c8fe26
[11:14:18]   · projects 2022-05-15: dry-run 0.125 GiB  (누적 0.247 GiB / 60.0 GiB)
[11:14:28]   ✓ projects 2022-05-15: billed 0.126 GiB · rows 2,055,119 (기대 2,055,119 exact)
[11:14:28]     files 5 · 44 MiB · 9.7s · verify=ok · job c1b4b84a-9c7c-465a-917e-9987e5d4e8ce
[11:14:29]   · projects 2022-05-22: dry-run 0.126 GiB  (누적 0.373 GiB / 60.0 GiB)
[11:14:41]   ✓ projects 2022-05-22: billed 0.127 GiB · rows 2,071,823 (기대 2,071,823 exact)
[11:14:41]     files 5 · 44 MiB · 10.9s · verify=ok · job f42c29f9-b378-4180-82a3-71cb59c574f0
[11:14:41]   · projects 2022-05-29: dry-run 0.127 GiB  (누적 0.500 GiB / 60.0 GiB)
[11:14:53]   ✓ projects 2022-05-29: billed 0.128 GiB · rows 2,083,561 (기대 2,083,561 exact)
[11:14:53]     files 5 · 44 MiB · 10.4s · verify=ok · job ec338e0d-b243-4b21-81e7-211fe77597e9
[11:14:53]   · projects 2022-06-05: dry-run 0.128 GiB  (누적 0.628 GiB / 60.0 GiB)
[11:15:05]   ✓ projects 2022-06-05: billed 0.128 GiB · rows 2,095,250 (기대 2,095,250 exact)
[11:15:05]     files 5 · 45 MiB · 10.5s · verify=ok · job 47af858e-cab1-4aa3-851f-6e37bbc55cd8
[11:15:06]   · projects 2022-06-13: dry-run 0.128 GiB  (누적 0.756 GiB / 60.0 GiB)
[11:15:19]   ✓ projects 2022-06-13: billed 0.129 GiB · rows 2,108,419 (기대 2,108,419 exact)
[11:15:19]     files 5 · 45 MiB · 12.6s · verify=ok · job 41823b5c-0544-4bf5-abac-dd6bd0e8e1a4
[11:15:20]   · projects 2022-06-20: dry-run 0.129 GiB  (누적 0.886 GiB / 60.0 GiB)
[11:15:34]   ✓ projects 2022-06-20: billed 0.130 GiB · rows 2,120,352 (기대 2,120,352 exact)
[11:15:34]     files 5 · 45 MiB · 13.3s · verify=ok · job 4a8c8169-7d29-4b57-ba0d-8748f9f9814f
[11:15:35]   · projects 2022-06-27: dry-run 0.130 GiB  (누적 1.015 GiB / 60.0 GiB)
[11:15:48]   ✓ projects 2022-06-27: billed 0.131 GiB · rows 2,132,072 (기대 2,132,072 exact)
[11:15:48]     files 5 · 45 MiB · 12.6s · verify=ok · job c1fb3891-b9fd-4802-8134-d01c99a673c6
[11:15:49]   · projects 2022-07-04: dry-run 0.131 GiB  (누적 1.146 GiB / 60.0 GiB)
[11:16:03]   ✓ projects 2022-07-04: billed 0.131 GiB · rows 2,143,364 (기대 2,143,364 exact)
[11:16:03]     files 5 · 46 MiB · 13.0s · verify=ok · job 585942a3-2a44-4b40-b433-4155276f0683
[11:16:04]   · projects 2022-07-12: dry-run 0.131 GiB  (누적 1.277 GiB / 60.0 GiB)
[11:16:15]   ✓ projects 2022-07-12: billed 0.132 GiB · rows 2,156,687 (기대 2,156,687 exact)
[11:16:15]     files 5 · 46 MiB · 11.0s · verify=ok · job 31367325-2705-4286-9b59-1f9bddb86a5b
[11:16:16]   · projects 2022-07-18: dry-run 0.132 GiB  (누적 1.410 GiB / 60.0 GiB)
[11:16:31]   ✓ projects 2022-07-18: billed 0.133 GiB · rows 2,167,963 (기대 2,167,963 exact)
[11:16:31]     files 5 · 47 MiB · 14.0s · verify=ok · job cf07d397-4f74-4068-8162-8ce5d17ced1f
[11:16:32]   · projects 2022-07-26: dry-run 0.133 GiB  (누적 1.542 GiB / 60.0 GiB)
[11:16:42]   ✓ projects 2022-07-26: billed 0.133 GiB · rows 2,179,624 (기대 2,179,624 exact)
[11:16:42]     files 5 · 46 MiB · 9.1s · verify=ok · job 51c51d36-4a90-495b-b6a2-ada24c187c14
[11:16:43]   · projects 2022-08-01: dry-run 0.133 GiB  (누적 1.676 GiB / 60.0 GiB)
[11:16:52]   ✓ projects 2022-08-01: billed 0.134 GiB · rows 2,190,867 (기대 2,190,867 exact)
[11:16:52]     files 5 · 47 MiB · 8.0s · verify=ok · job 447f0f5d-0d21-42d1-adaf-c46a5b7f8b31
[11:16:53]   · projects 2022-08-08: dry-run 0.134 GiB  (누적 1.810 GiB / 60.0 GiB)
[11:17:03]   ✓ projects 2022-08-08: billed 0.135 GiB · rows 2,202,308 (기대 2,202,308 exact)
[11:17:03]     files 5 · 47 MiB · 9.4s · verify=ok · job 25cfb7e0-52b8-4811-bf8e-7df680c97a89
[11:17:04]   · projects 2022-08-15: dry-run 0.135 GiB  (누적 1.945 GiB / 60.0 GiB)
[11:17:12]   ✓ projects 2022-08-15: billed 0.136 GiB · rows 2,213,983 (기대 2,213,983 exact)
[11:17:12]     files 5 · 47 MiB · 8.1s · verify=ok · job 2276ae8f-658e-4170-bf1d-8ab30b95f62f
[11:17:13]   · projects 2022-08-22: dry-run 0.136 GiB  (누적 2.080 GiB / 60.0 GiB)
[11:17:24]   ✓ projects 2022-08-22: billed 0.136 GiB · rows 2,225,297 (기대 2,225,297 exact)
[11:17:24]     files 5 · 47 MiB · 9.8s · verify=ok · job 695f99e5-ee06-4e09-adcf-a91571b5e0de
[11:17:25]   · projects 2022-08-29: dry-run 0.136 GiB  (누적 2.217 GiB / 60.0 GiB)
[11:17:35]   ✓ projects 2022-08-29: billed 0.137 GiB · rows 2,237,172 (기대 2,237,172 exact)
[11:17:35]     files 5 · 48 MiB · 9.6s · verify=ok · job fa802b4e-ae4a-4369-a44d-694779537fd5
[11:17:36]   · projects 2022-09-05: dry-run 0.137 GiB  (누적 2.354 GiB / 60.0 GiB)
[11:17:50]   ✓ projects 2022-09-05: billed 0.138 GiB · rows 2,248,219 (기대 2,248,219 exact)
[11:17:50]     files 5 · 48 MiB · 11.9s · verify=ok · job 3c9dfa1d-5a09-477c-8e6e-b6bf844be22f
[11:17:51]   · projects 2022-09-13: dry-run 0.138 GiB  (누적 2.491 GiB / 60.0 GiB)
[11:18:02]   ✓ projects 2022-09-13: billed 0.139 GiB · rows 2,260,753 (기대 2,260,753 exact)
[11:18:02]     files 5 · 48 MiB · 10.5s · verify=ok · job 7491e8e5-a374-48bd-bfe2-916f9aea2e0d
[11:18:03]   · projects 2022-09-19: dry-run 0.138 GiB  (누적 2.630 GiB / 60.0 GiB)
[11:18:21]   ✓ projects 2022-09-19: billed 0.139 GiB · rows 2,270,056 (기대 2,270,056 exact)
[11:18:21]     files 5 · 48 MiB · 17.3s · verify=ok · job e5cb4203-f222-41b4-86e1-2b506c546dfe
[11:18:22]   · projects 2022-09-26: dry-run 0.139 GiB  (누적 2.769 GiB / 60.0 GiB)
[11:18:33]   ✓ projects 2022-09-26: billed 0.140 GiB · rows 2,281,308 (기대 2,281,308 exact)
[11:18:33]     files 5 · 49 MiB · 10.2s · verify=ok · job 028cbba5-e1d1-4f27-b057-96cf58a7ea60
[11:18:33]   · projects 2022-10-03: dry-run 0.140 GiB  (누적 2.908 GiB / 60.0 GiB)
[11:18:52]   ✓ projects 2022-10-03: billed 0.140 GiB · rows 2,292,476 (기대 2,292,476 exact)
[11:18:52]     files 5 · 49 MiB · 14.9s · verify=ok · job 1857c261-2317-4b48-bbb6-1ab91eb5ad5c
[11:18:53]   · projects 2022-10-10: dry-run 0.140 GiB  (누적 3.049 GiB / 60.0 GiB)
[11:19:30]   ✓ projects 2022-10-10: billed 0.141 GiB · rows 2,303,277 (기대 2,303,277 exact)
[11:19:30]     files 5 · 49 MiB · 25.9s · verify=ok · job 7275b1c3-9ab0-432f-93b0-57f9095dd585
[11:19:31]   · projects 2022-10-17: dry-run 0.141 GiB  (누적 3.190 GiB / 60.0 GiB)
[11:19:40]   ✓ projects 2022-10-17: billed 0.142 GiB · rows 2,314,636 (기대 2,314,636 exact)
[11:19:40]     files 5 · 49 MiB · 8.8s · verify=ok · job d3d6d882-7dc2-4f18-9333-62b62803886f
[11:19:41]   · projects 2022-10-24: dry-run 0.142 GiB  (누적 3.331 GiB / 60.0 GiB)
[11:19:51]   ✓ projects 2022-10-24: billed 0.143 GiB · rows 2,326,249 (기대 2,326,249 exact)
[11:19:51]     files 5 · 50 MiB · 9.0s · verify=ok · job 19793447-6a18-485b-a0bf-5a06d10833ae
[11:19:52]   · projects 2022-10-31: dry-run 0.142 GiB  (누적 3.474 GiB / 60.0 GiB)
[11:20:02]   ✓ projects 2022-10-31: billed 0.143 GiB · rows 2,337,590 (기대 2,337,590 exact)
[11:20:02]     files 5 · 50 MiB · 9.2s · verify=ok · job f012e42f-436c-4bfe-9439-317661ce2c33
[11:20:03]   · projects 2022-11-07: dry-run 0.143 GiB  (누적 3.617 GiB / 60.0 GiB)
[11:20:13]   ✓ projects 2022-11-07: billed 0.144 GiB · rows 2,349,117 (기대 2,349,117 exact)
[11:20:13]     files 5 · 50 MiB · 9.7s · verify=ok · job e4c54d10-ce24-4caa-8403-971738061c8b
[11:20:14]   · projects 2022-11-14: dry-run 0.144 GiB  (누적 3.760 GiB / 60.0 GiB)
[11:20:29]   ✓ projects 2022-11-14: billed 0.145 GiB · rows 2,360,449 (기대 2,360,449 exact)
[11:20:29]     files 6 · 50 MiB · 14.0s · verify=ok · job 056b034b-7d2d-422f-800b-524e5295ce71
[11:20:30]   · projects 2022-11-21: dry-run 0.145 GiB  (누적 3.905 GiB / 60.0 GiB)
[11:20:46]   ✓ projects 2022-11-21: billed 0.146 GiB · rows 2,372,987 (기대 2,372,987 exact)
[11:20:46]     files 6 · 51 MiB · 14.9s · verify=ok · job 3841de8c-5a51-4246-8859-36e53e2c8ec1
[11:20:47]   · projects 2022-11-28: dry-run 0.148 GiB  (누적 4.053 GiB / 60.0 GiB)
[11:20:59]   ✓ projects 2022-11-28: billed 0.148 GiB · rows 2,429,813 (기대 2,429,813 exact)
[11:20:59]     files 6 · 52 MiB · 11.2s · verify=ok · job 857f7ba1-9042-43b2-8e99-08d5b4d0f13d
[11:21:00]   · projects 2022-12-05: dry-run 0.149 GiB  (누적 4.202 GiB / 60.0 GiB)
[11:21:14]   ✓ projects 2022-12-05: billed 0.149 GiB · rows 2,444,829 (기대 2,444,829 exact)
[11:21:14]     files 6 · 52 MiB · 13.1s · verify=ok · job 7e9780fe-379a-4511-9f97-e002831d2dfb
[11:21:15]   · projects 2022-12-12: dry-run 0.150 GiB  (누적 4.352 GiB / 60.0 GiB)
[11:21:28]   ✓ projects 2022-12-12: billed 0.150 GiB · rows 2,459,434 (기대 2,459,434 exact)
[11:21:28]     files 6 · 53 MiB · 12.2s · verify=ok · job 19493012-22bf-4454-8acc-c77f2ccad5b8
[11:21:29]   · projects 2022-12-19: dry-run 0.151 GiB  (누적 4.503 GiB / 60.0 GiB)
[11:21:45]   ✓ projects 2022-12-19: billed 0.151 GiB · rows 2,470,368 (기대 2,470,368 exact)
[11:21:45]     files 6 · 53 MiB · 15.1s · verify=ok · job f1f7b447-a970-4805-b56b-ec2df326d410
[11:21:45]   · projects 2022-12-26: dry-run 0.151 GiB  (누적 4.654 GiB / 60.0 GiB)
[11:21:57]   ✓ projects 2022-12-26: billed 0.151 GiB · rows 2,480,795 (기대 2,480,795 exact)
[11:21:57]     files 6 · 53 MiB · 11.2s · verify=ok · job 377784c1-5c37-4e44-b432-355f686d5405
[11:21:58]   · projects 2023-01-02: dry-run 0.152 GiB  (누적 4.806 GiB / 60.0 GiB)
[11:22:16]   ✓ projects 2023-01-02: billed 0.152 GiB · rows 2,490,958 (기대 2,490,958 exact)
[11:22:16]     files 6 · 53 MiB · 17.0s · verify=ok · job 7bd5919a-3612-4bf8-8277-f7aaa1e5b1ce
[11:22:17]   · projects 2023-01-09: dry-run 0.153 GiB  (누적 4.959 GiB / 60.0 GiB)
[11:22:32]   ✓ projects 2023-01-09: billed 0.153 GiB · rows 2,502,901 (기대 2,502,901 exact)
[11:22:32]     files 6 · 54 MiB · 14.6s · verify=ok · job d8476fa0-3410-414e-8440-b265f4ab83ec
[11:22:33]   · projects 2023-01-16: dry-run 0.153 GiB  (누적 5.111 GiB / 60.0 GiB)
[11:22:46]   ✓ projects 2023-01-16: billed 0.153 GiB · rows 2,505,744 (기대 2,505,744 exact)
[11:22:46]     files 6 · 54 MiB · 12.0s · verify=ok · job bc663008-f3d8-4772-ac28-b0aaf11fdc5a
[11:22:47]   · projects 2023-01-23: dry-run 0.153 GiB  (누적 5.265 GiB / 60.0 GiB)
[11:22:57]   ✓ projects 2023-01-23: billed 0.154 GiB · rows 2,515,777 (기대 2,515,777 exact)
[11:22:57]     files 6 · 54 MiB · 8.8s · verify=ok · job d84637c6-a020-459b-900e-2c983a482d77
[11:22:58]   · projects 2023-01-29: dry-run 0.154 GiB  (누적 5.419 GiB / 60.0 GiB)
[11:23:11]   ✓ projects 2023-01-29: billed 0.154 GiB · rows 2,523,880 (기대 2,523,880 exact)
[11:23:11]     files 6 · 54 MiB · 12.2s · verify=ok · job 89c63ead-f20f-4d6a-b5a9-49e36f08e5aa
[11:23:12]   · projects 2023-02-06: dry-run 0.155 GiB  (누적 5.573 GiB / 60.0 GiB)
[11:23:22]   ✓ projects 2023-02-06: billed 0.155 GiB · rows 2,536,976 (기대 2,536,976 exact)
[11:23:22]     files 6 · 54 MiB · 9.4s · verify=ok · job d3832f60-e3e8-4455-851c-a88f6a4c49d9
[11:23:23]   · projects 2023-02-13: dry-run 0.155 GiB  (누적 5.729 GiB / 60.0 GiB)
[11:23:36]   ✓ projects 2023-02-13: billed 0.156 GiB · rows 2,547,415 (기대 2,547,415 exact)
[11:23:36]     files 6 · 54 MiB · 12.3s · verify=ok · job 600f2a20-2390-45b2-9a04-1a8b4097bfad
[11:23:37]   · projects 2023-02-20: dry-run 0.156 GiB  (누적 5.885 GiB / 60.0 GiB)
[11:23:50]   ✓ projects 2023-02-20: billed 0.156 GiB · rows 2,558,287 (기대 2,558,287 exact)
[11:23:50]     files 6 · 55 MiB · 12.8s · verify=ok · job 053d83e7-9249-4295-b585-ca1615a0d896
[11:23:51]   · projects 2023-02-27: dry-run 0.157 GiB  (누적 6.041 GiB / 60.0 GiB)
[11:24:03]   ✓ projects 2023-02-27: billed 0.157 GiB · rows 2,569,887 (기대 2,569,887 exact)
[11:24:03]     files 6 · 55 MiB · 10.5s · verify=ok · job 89662d6c-5fa8-4b42-a564-e92eaebae4da
[11:24:04]   · projects 2023-03-06: dry-run 0.157 GiB  (누적 6.199 GiB / 60.0 GiB)
[11:24:18]   ✓ projects 2023-03-06: billed 0.158 GiB · rows 2,581,483 (기대 2,581,483 exact)
[11:24:18]     files 6 · 55 MiB · 13.2s · verify=ok · job 5fe0796e-1b48-48d1-9542-5ea33fcf9d73
[11:24:18]   · projects 2023-03-13: dry-run 0.158 GiB  (누적 6.357 GiB / 60.0 GiB)
[11:24:32]   ✓ projects 2023-03-13: billed 0.158 GiB · rows 2,593,521 (기대 2,593,521 exact)
[11:24:32]     files 6 · 55 MiB · 12.4s · verify=ok · job de7ee915-efbc-4969-9fad-57135d0a95eb
[11:24:32]   · projects 2023-03-21: dry-run 0.159 GiB  (누적 6.516 GiB / 60.0 GiB)
[11:24:42]   ✓ projects 2023-03-21: billed 0.159 GiB · rows 2,607,331 (기대 2,607,331 exact)
[11:24:42]     files 6 · 56 MiB · 8.6s · verify=ok · job 51189415-9df3-4e33-ad50-9db13191f5ff
[11:24:42]   · projects 2023-03-27: dry-run 0.159 GiB  (누적 6.675 GiB / 60.0 GiB)
[11:24:55]   ✓ projects 2023-03-27: billed 0.160 GiB · rows 2,616,726 (기대 2,616,726 exact)
[11:24:55]     files 6 · 57 MiB · 11.5s · verify=ok · job 0e659c1e-6b12-4085-a30b-1182f3589cfc
[11:24:56]   · projects 2023-04-03: dry-run 0.160 GiB  (누적 6.835 GiB / 60.0 GiB)
[11:25:07]   ✓ projects 2023-04-03: billed 0.161 GiB · rows 2,628,115 (기대 2,628,115 exact)
[11:25:07]     files 6 · 57 MiB · 10.7s · verify=ok · job c8f52a90-e76e-4a54-a13e-bd3370e2d9cb
[11:25:08]   · projects 2023-04-10: dry-run 0.161 GiB  (누적 6.996 GiB / 60.0 GiB)
[11:25:18]   ✓ projects 2023-04-10: billed 0.161 GiB · rows 2,639,708 (기대 2,639,708 exact)
[11:25:18]     files 6 · 57 MiB · 9.3s · verify=ok · job 7f8dece5-5042-4e66-8792-2d8da572ebf3
[11:25:19]   · projects 2023-04-17: dry-run 0.162 GiB  (누적 7.158 GiB / 60.0 GiB)
[11:25:29]   ✓ projects 2023-04-17: billed 0.162 GiB · rows 2,650,494 (기대 2,650,494 exact)
[11:25:29]     files 6 · 58 MiB · 8.8s · verify=ok · job 723ebaea-5640-491e-94ed-a2015ad801e5
[11:25:29]   · projects 2023-04-20: dry-run 0.162 GiB  (누적 7.319 GiB / 60.0 GiB)
[11:25:44]   ✓ projects 2023-04-20: billed 0.162 GiB · rows 2,654,412 (기대 2,654,412 exact)
[11:25:44]     files 6 · 58 MiB · 14.0s · verify=ok · job 4efa3239-0a91-443a-9cd2-7c8538b5ade5
[11:25:45]   · projects 2023-05-01: dry-run 0.163 GiB  (누적 7.482 GiB / 60.0 GiB)
[11:25:56]   ✓ projects 2023-05-01: billed 0.163 GiB · rows 2,669,552 (기대 2,669,552 exact)
[11:25:56]     files 6 · 59 MiB · 10.0s · verify=ok · job ecc7b27c-e77a-4921-b09d-ca9cf57ca0d7
[11:25:57]   · projects 2023-05-02: dry-run 0.163 GiB  (누적 7.645 GiB / 60.0 GiB)
[11:26:30]   ✓ projects 2023-05-02: billed 0.163 GiB · rows 2,671,924 (기대 2,671,924 exact)
[11:26:30]     files 6 · 59 MiB · 31.9s · verify=ok · job 08ceaf5a-1896-4198-a517-ab8c189e0944
[11:26:30]   · projects 2023-05-08: dry-run 0.163 GiB  (누적 7.808 GiB / 60.0 GiB)
[11:26:42]   ✓ projects 2023-05-08: billed 0.164 GiB · rows 2,680,360 (기대 2,680,360 exact)
[11:26:42]     files 6 · 59 MiB · 11.2s · verify=ok · job 656a7011-2e33-457a-981b-9c43e9b92a28
[11:26:43]   · projects 2023-05-15: dry-run 0.166 GiB  (누적 7.974 GiB / 60.0 GiB)
[11:26:58]   ✓ projects 2023-05-15: billed 0.166 GiB · rows 2,716,497 (기대 2,716,497 exact)
[11:26:58]     files 6 · 58 MiB · 14.1s · verify=ok · job 23086d78-f01d-4d81-8b72-04ee5a771797
[11:26:59]   · projects 2023-05-22: dry-run 0.166 GiB  (누적 8.140 GiB / 60.0 GiB)
[11:27:11]   ✓ projects 2023-05-22: billed 0.167 GiB · rows 2,726,556 (기대 2,726,556 exact)
[11:27:11]     files 6 · 58 MiB · 11.2s · verify=ok · job aa5bb3f0-97d3-4dbc-9a3e-c4dad9fbbe3b
[11:27:12]   · projects 2023-05-29: dry-run 0.167 GiB  (누적 8.307 GiB / 60.0 GiB)
[11:27:23]   ✓ projects 2023-05-29: billed 0.167 GiB · rows 2,736,212 (기대 2,736,212 exact)
[11:27:23]     files 6 · 59 MiB · 10.4s · verify=ok · job ec359775-9523-4acc-a11d-861f9a08bd28
[11:27:24]   · projects 2023-06-05: dry-run 0.167 GiB  (누적 8.474 GiB / 60.0 GiB)
[11:27:36]   ✓ projects 2023-06-05: billed 0.168 GiB · rows 2,745,730 (기대 2,745,730 exact)
[11:27:36]     files 6 · 59 MiB · 10.8s · verify=ok · job dd756b86-c12f-4b1c-8fb6-61ccf6b67250
[11:27:37]   · projects 2023-06-12: dry-run 0.168 GiB  (누적 8.642 GiB / 60.0 GiB)
[11:27:49]   ✓ projects 2023-06-12: billed 0.168 GiB · rows 2,755,389 (기대 2,755,389 exact)
[11:27:49]     files 6 · 59 MiB · 11.7s · verify=ok · job 9ea6c452-ff67-4ed5-8017-39a80a17844a
[11:27:50]   · projects 2023-06-20: dry-run 0.169 GiB  (누적 8.810 GiB / 60.0 GiB)
[11:28:01]   ✓ projects 2023-06-20: billed 0.169 GiB · rows 2,766,345 (기대 2,766,345 exact)
[11:28:01]     files 6 · 60 MiB · 10.0s · verify=ok · job 53250461-9a55-4004-8965-a88c6b03dd8f
[11:28:02]   · projects 2023-06-26: dry-run 0.171 GiB  (누적 8.982 GiB / 60.0 GiB)
[11:28:15]   ✓ projects 2023-06-26: billed 0.172 GiB · rows 2,808,019 (기대 2,808,019 exact)
[11:28:15]     files 6 · 60 MiB · 12.4s · verify=ok · job cfa2f46e-795a-48bc-b577-8930e2b7231f
[11:28:15]   · projects 2023-07-03: dry-run 0.172 GiB  (누적 9.153 GiB / 60.0 GiB)
[11:28:25]   ✓ projects 2023-07-03: billed 0.172 GiB · rows 2,817,141 (기대 2,817,141 exact)
[11:28:25]     files 6 · 61 MiB · 9.0s · verify=ok · job 36fcd59f-fd3c-435c-8574-214a0297d105
[11:28:26]   · projects 2023-07-10: dry-run 0.172 GiB  (누적 9.325 GiB / 60.0 GiB)
[11:28:39]   ✓ projects 2023-07-10: billed 0.173 GiB · rows 2,826,868 (기대 2,826,868 exact)
[11:28:39]     files 7 · 61 MiB · 12.2s · verify=ok · job 01ffefd9-31a5-49d0-a765-4aad7b90d2b6
[11:28:40]   · projects 2023-07-17: dry-run 0.173 GiB  (누적 9.498 GiB / 60.0 GiB)
[11:28:55]   ✓ projects 2023-07-17: billed 0.173 GiB · rows 2,836,465 (기대 2,836,465 exact)
[11:28:55]     files 7 · 62 MiB · 14.5s · verify=ok · job 2fe6d5ab-5aa9-4079-8955-d097f7ef5ddb
[11:28:56]   · projects 2023-07-24: dry-run 0.173 GiB  (누적 9.671 GiB / 60.0 GiB)
[11:29:08]   ✓ projects 2023-07-24: billed 0.174 GiB · rows 2,845,715 (기대 2,845,715 exact)
[11:29:08]     files 7 · 62 MiB · 11.0s · verify=ok · job 75cc374f-ab99-44a4-9b71-6c715051a539
[11:29:09]   · projects 2023-07-31: dry-run 0.174 GiB  (누적 9.845 GiB / 60.0 GiB)
[11:29:20]   ✓ projects 2023-07-31: billed 0.175 GiB · rows 2,855,428 (기대 2,855,428 exact)
[11:29:20]     files 7 · 63 MiB · 10.2s · verify=ok · job 8153f689-5692-49c1-82d6-1f585b65c7b0
[11:29:20]   · projects 2023-08-07: dry-run 0.174 GiB  (누적 10.020 GiB / 60.0 GiB)
[11:29:35]   ✓ projects 2023-08-07: billed 0.175 GiB · rows 2,865,150 (기대 2,865,150 exact)
[11:29:35]     files 7 · 63 MiB · 13.5s · verify=ok · job 7a93bfd5-85ea-4bbc-9e4f-044dfffb92a4
[11:29:36]   · projects 2023-08-14: dry-run 0.175 GiB  (누적 10.195 GiB / 60.0 GiB)
[11:29:52]   ✓ projects 2023-08-14: billed 0.176 GiB · rows 2,874,713 (기대 2,874,713 exact)
[11:29:52]     files 7 · 64 MiB · 14.5s · verify=ok · job d426b0aa-0f5e-4045-b1db-3f7d0dfe8da6
[11:29:53]   · projects 2023-08-21: dry-run 0.176 GiB  (누적 10.371 GiB / 60.0 GiB)
[11:30:04]   ✓ projects 2023-08-21: billed 0.176 GiB · rows 2,884,250 (기대 2,884,250 exact)
[11:30:04]     files 7 · 64 MiB · 9.7s · verify=ok · job 1e604a42-d24c-4470-a0b9-a7b8dba0d721
[11:30:05]   · projects 2023-08-28: dry-run 0.176 GiB  (누적 10.547 GiB / 60.0 GiB)
[11:30:18]   ✓ projects 2023-08-28: billed 0.177 GiB · rows 2,893,834 (기대 2,893,834 exact)
[11:30:18]     files 7 · 64 MiB · 12.8s · verify=ok · job 64d58f09-4319-411b-886c-5bfe81dc2b55
[11:30:19]   · projects 2023-09-04: dry-run 0.177 GiB  (누적 10.724 GiB / 60.0 GiB)
[11:30:31]   ✓ projects 2023-09-04: billed 0.178 GiB · rows 2,903,772 (기대 2,903,772 exact)
[11:30:31]     files 7 · 64 MiB · 11.0s · verify=ok · job a6560c04-98c3-4aba-af35-6b3949a53dae
[11:30:32]   · projects 2023-09-11: dry-run 0.177 GiB  (누적 10.901 GiB / 60.0 GiB)
[11:30:40]   ✓ projects 2023-09-11: billed 0.178 GiB · rows 2,913,321 (기대 2,913,321 exact)
[11:30:40]     files 7 · 64 MiB · 7.7s · verify=ok · job 8b4e925c-61c5-4f67-8834-97669b759424
[11:30:41]   · projects 2023-09-18: dry-run 0.178 GiB  (누적 11.079 GiB / 60.0 GiB)
[11:30:54]   ✓ projects 2023-09-18: billed 0.179 GiB · rows 2,922,903 (기대 2,922,903 exact)
[11:30:54]     files 7 · 65 MiB · 10.3s · verify=ok · job f072948e-243b-49ba-a4b1-472a1e40e794
[11:30:54]   · projects 2023-09-26: dry-run 0.179 GiB  (누적 11.258 GiB / 60.0 GiB)
[11:31:08]   ✓ projects 2023-09-26: billed 0.179 GiB · rows 2,931,865 (기대 2,931,865 exact)
[11:31:08]     files 7 · 65 MiB · 12.6s · verify=ok · job b2f248ac-dbb0-4570-a2c5-b85473f11686
[11:31:09]   · projects 2023-10-02: dry-run 0.179 GiB  (누적 11.437 GiB / 60.0 GiB)
[11:31:19]   ✓ projects 2023-10-02: billed 0.180 GiB · rows 2,942,499 (기대 2,942,499 exact)
[11:31:19]     files 7 · 65 MiB · 9.5s · verify=ok · job 365c0293-b95c-4ea9-9de7-f6a09ae29dde
[11:31:20]   · projects 2023-10-09: dry-run 0.180 GiB  (누적 11.616 GiB / 60.0 GiB)
[11:31:31]   ✓ projects 2023-10-09: billed 0.181 GiB · rows 2,952,312 (기대 2,952,312 exact)
[11:31:31]     files 7 · 65 MiB · 9.6s · verify=ok · job 34c6a31c-63fe-44df-bacc-ca21badeb677
[11:31:31]   · projects 2023-10-16: dry-run 0.180 GiB  (누적 11.797 GiB / 60.0 GiB)
[11:31:42]   ✓ projects 2023-10-16: billed 0.181 GiB · rows 2,962,830 (기대 2,962,830 exact)
[11:31:42]     files 7 · 65 MiB · 9.5s · verify=ok · job fac156d3-3108-4ea7-9321-1e2eb00b5fa5
[11:31:42]   · projects 2023-10-23: dry-run 0.181 GiB  (누적 11.978 GiB / 60.0 GiB)
[11:31:54]   ✓ projects 2023-10-23: billed 0.182 GiB · rows 2,972,930 (기대 2,972,930 exact)
[11:31:54]     files 7 · 66 MiB · 11.2s · verify=ok · job 4d88690f-6f13-4aa0-8d61-27371eb74d5f
[11:31:55]   · projects 2023-10-30: dry-run 0.182 GiB  (누적 12.160 GiB / 60.0 GiB)
[11:32:09]   ✓ projects 2023-10-30: billed 0.182 GiB · rows 2,983,102 (기대 2,983,102 exact)
[11:32:09]     files 7 · 66 MiB · 13.3s · verify=ok · job 37432378-2f43-4776-a50e-8b98ee72860c
[11:32:10]   · projects 2023-11-06: dry-run 0.183 GiB  (누적 12.342 GiB / 60.0 GiB)
[11:32:20]   ✓ projects 2023-11-06: billed 0.184 GiB · rows 2,999,067 (기대 2,999,067 exact)
[11:32:20]     files 7 · 66 MiB · 8.8s · verify=ok · job da43536e-89dc-4e6d-8431-1db72e60fe02
[11:32:21]   · projects 2023-11-13: dry-run 0.183 GiB  (누적 12.525 GiB / 60.0 GiB)
[11:32:32]   ✓ projects 2023-11-13: billed 0.184 GiB · rows 3,009,043 (기대 3,009,043 exact)
[11:32:32]     files 7 · 66 MiB · 10.4s · verify=ok · job b7f7fda0-1dc7-4d04-8633-4ae0a5e34508
[11:32:33]   · projects 2023-11-20: dry-run 0.184 GiB  (누적 12.709 GiB / 60.0 GiB)
[11:32:43]   ✓ projects 2023-11-20: billed 0.185 GiB · rows 3,019,043 (기대 3,019,043 exact)
[11:32:43]     files 7 · 67 MiB · 9.9s · verify=ok · job 2d220f0e-c59c-4cfb-b64b-014a66f798c2
[11:32:44]   · projects 2023-11-27: dry-run 0.369 GiB  (누적 13.078 GiB / 60.0 GiB)
[11:32:55]   ✓ projects 2023-11-27: billed 0.369 GiB · rows 6,057,730 (기대 6,057,730 exact)
[11:32:55]     files 13 · 128 MiB · 9.6s · verify=ok · job 2528efe2-cc6e-4194-8390-183b668a7ec6
[11:32:55]   · projects 2023-12-04: dry-run 0.185 GiB  (누적 13.263 GiB / 60.0 GiB)
[11:33:06]   ✓ projects 2023-12-04: billed 0.186 GiB · rows 3,043,950 (기대 3,043,950 exact)
[11:33:06]     files 7 · 66 MiB · 9.9s · verify=ok · job 5a20a1a3-d441-45f4-aba5-1bab539983f8
[11:33:07]   · projects 2023-12-11: dry-run 0.186 GiB  (누적 13.449 GiB / 60.0 GiB)
[11:33:20]   ✓ projects 2023-12-11: billed 0.187 GiB · rows 3,054,995 (기대 3,054,995 exact)
[11:33:20]     files 7 · 66 MiB · 12.4s · verify=ok · job ffb8e834-1d2b-46b3-8bff-c137f96cc037
[11:33:21]   · projects 2023-12-18: dry-run 0.187 GiB  (누적 13.636 GiB / 60.0 GiB)
[11:33:34]   ✓ projects 2023-12-18: billed 0.188 GiB · rows 3,064,824 (기대 3,064,824 exact)
[11:33:34]     files 7 · 66 MiB · 11.9s · verify=ok · job 015613ed-9574-4ba5-a109-7bf953e74cbc
[11:33:35]   · projects 2023-12-25: dry-run 0.187 GiB  (누적 13.823 GiB / 60.0 GiB)
[11:33:50]   ✓ projects 2023-12-25: billed 0.188 GiB · rows 3,074,130 (기대 3,074,130 exact)
[11:33:50]     files 7 · 67 MiB · 13.7s · verify=ok · job 8ef577d6-c26e-49be-936c-8c336b906edc
[11:33:51]   · projects 2024-01-01: dry-run 0.188 GiB  (누적 14.011 GiB / 60.0 GiB)
[11:34:01]   ✓ projects 2024-01-01: billed 0.188 GiB · rows 3,082,688 (기대 3,082,688 exact)
[11:34:01]     files 7 · 67 MiB · 10.0s · verify=ok · job fe0989c2-f83b-4bd8-92e5-d746e5d0973e
[11:34:02]   · projects 2024-01-08: dry-run 0.188 GiB  (누적 14.199 GiB / 60.0 GiB)
[11:34:14]   ✓ projects 2024-01-08: billed 0.188 GiB · rows 3,092,647 (기대 3,092,647 exact)
[11:34:14]     files 7 · 67 MiB · 10.6s · verify=ok · job 0efaf722-f6b1-4220-9dcc-975641acb388
[11:34:14]   · projects 2024-01-15: dry-run 0.189 GiB  (누적 14.388 GiB / 60.0 GiB)
[11:34:29]   ✓ projects 2024-01-15: billed 0.189 GiB · rows 3,102,874 (기대 3,102,874 exact)
[11:34:29]     files 7 · 67 MiB · 14.2s · verify=ok · job ad0bfb48-3d52-44ed-962b-4943e50faf93
[11:34:30]   · projects 2024-01-22: dry-run 0.190 GiB  (누적 14.578 GiB / 60.0 GiB)
[11:34:46]   ✓ projects 2024-01-22: billed 0.190 GiB · rows 3,113,547 (기대 3,113,547 exact)
[11:34:46]     files 7 · 67 MiB · 15.1s · verify=ok · job b686c62f-178b-4a43-bdcd-afbd19f8a9a8
[11:34:47]   · projects 2024-01-29: dry-run 0.192 GiB  (누적 14.770 GiB / 60.0 GiB)
[11:35:00]   ✓ projects 2024-01-29: billed 0.192 GiB · rows 3,150,642 (기대 3,150,642 exact)
[11:35:00]     files 7 · 68 MiB · 12.5s · verify=ok · job 5e6192dd-3920-479f-8673-c22340a345fe
[11:35:01]   · projects 2024-02-05: dry-run 0.193 GiB  (누적 14.962 GiB / 60.0 GiB)
[11:35:15]   ✓ projects 2024-02-05: billed 0.193 GiB · rows 3,161,625 (기대 3,161,625 exact)
[11:35:15]     files 7 · 68 MiB · 13.1s · verify=ok · job 32c2616d-445a-4c9d-b1d1-1572d8314aae
[11:35:17]   · projects 2024-02-12: dry-run 0.386 GiB  (누적 15.349 GiB / 60.0 GiB)
[11:35:29]   ✓ projects 2024-02-12: billed 0.387 GiB · rows 6,344,008 (기대 6,344,008 exact)
[11:35:29]     files 14 · 135 MiB · 11.3s · verify=ok · job 9d65bb42-a425-44b2-90ff-a87ed36abc1a
[11:35:30]   · projects 2024-02-19: dry-run 0.194 GiB  (누적 15.542 GiB / 60.0 GiB)
[11:35:44]   ✓ projects 2024-02-19: billed 0.194 GiB · rows 3,182,967 (기대 3,182,967 exact)
[11:35:44]     files 7 · 69 MiB · 12.9s · verify=ok · job f3d42b64-bd64-4966-9d94-e42c28b11443
[11:35:45]   · projects 2024-02-26: dry-run 0.195 GiB  (누적 15.737 GiB / 60.0 GiB)
[11:35:57]   ✓ projects 2024-02-26: billed 0.195 GiB · rows 3,194,468 (기대 3,194,468 exact)
[11:35:57]     files 7 · 69 MiB · 11.5s · verify=ok · job 8871f678-d9cb-4695-aaf6-6d5d5699630a
[11:35:58]   · projects 2024-03-04: dry-run 0.195 GiB  (누적 15.932 GiB / 60.0 GiB)
[11:36:09]   ✓ projects 2024-03-04: billed 0.196 GiB · rows 3,206,956 (기대 3,206,956 exact)
[11:36:09]     files 7 · 69 MiB · 10.7s · verify=ok · job a47caaac-8784-488c-be48-d36de1484382
[11:36:10]   · projects 2024-03-05: dry-run 0.195 GiB  (누적 16.128 GiB / 60.0 GiB)
[11:36:23]   ✓ projects 2024-03-05: billed 0.196 GiB · rows 3,208,722 (기대 3,208,722 exact)
[11:36:23]     files 7 · 69 MiB · 12.3s · verify=ok · job 1fe0781f-de4a-4584-8458-c78e90b6626c
[11:36:24]   · projects 2024-03-11: dry-run 0.196 GiB  (누적 16.324 GiB / 60.0 GiB)
[11:36:34]   ✓ projects 2024-03-11: billed 0.196 GiB · rows 3,218,574 (기대 3,218,574 exact)
[11:36:34]     files 7 · 70 MiB · 9.2s · verify=ok · job 8876f8e5-dd3d-4072-a51b-fcbf3d4def11
[11:36:35]   · projects 2024-03-18: dry-run 0.197 GiB  (누적 16.521 GiB / 60.0 GiB)
[11:36:45]   ✓ projects 2024-03-18: billed 0.197 GiB · rows 3,230,592 (기대 3,230,592 exact)
[11:36:45]     files 7 · 70 MiB · 9.6s · verify=ok · job 746f5418-bde8-4d16-96de-f61adfd6cf5e
[11:36:46]   · projects 2024-03-25: dry-run 0.197 GiB  (누적 16.718 GiB / 60.0 GiB)
[11:36:58]   ✓ projects 2024-03-25: billed 0.198 GiB · rows 3,242,352 (기대 3,242,352 exact)
[11:36:58]     files 7 · 70 MiB · 11.7s · verify=ok · job 23927cb5-985d-4594-8d4d-d607e04d0be0
[11:36:59]   · projects 2024-04-01: dry-run 0.198 GiB  (누적 16.916 GiB / 60.0 GiB)
[11:37:15]   ✓ projects 2024-04-01: billed 0.198 GiB · rows 3,253,270 (기대 3,253,270 exact)
[11:37:15]     files 7 · 70 MiB · 15.3s · verify=ok · job 338f5de4-f1a3-428f-946b-486460b2764f
[11:37:16]   · projects 2024-04-09: dry-run 0.199 GiB  (누적 17.115 GiB / 60.0 GiB)
[11:37:27]   ✓ projects 2024-04-09: billed 0.199 GiB · rows 3,266,207 (기대 3,266,207 exact)
[11:37:27]     files 7 · 71 MiB · 10.0s · verify=ok · job d104bbd8-af99-4905-acd1-19ea06a29e40
[11:37:28]   · projects 2024-04-15: dry-run 0.199 GiB  (누적 17.315 GiB / 60.0 GiB)
[11:37:41]   ✓ projects 2024-04-15: billed 0.200 GiB · rows 3,275,414 (기대 3,275,414 exact)
[11:37:41]     files 7 · 71 MiB · 12.6s · verify=ok · job 2a8c4924-f148-4ce4-a489-02f374f6ff87
[11:37:42]   · projects 2024-04-21: dry-run 0.200 GiB  (누적 17.515 GiB / 60.0 GiB)
[11:37:51]   ✓ projects 2024-04-21: billed 0.200 GiB · rows 3,284,750 (기대 3,284,750 exact)
[11:37:51]     files 7 · 71 MiB · 8.4s · verify=ok · job adbec199-9fbc-4aba-9b62-719e7b76d1c3
[11:37:52]   · projects 2024-04-29: dry-run 0.201 GiB  (누적 17.716 GiB / 60.0 GiB)
[11:38:05]   ✓ projects 2024-04-29: billed 0.201 GiB · rows 3,297,724 (기대 3,297,724 exact)
[11:38:05]     files 8 · 72 MiB · 11.8s · verify=ok · job fc4a348a-9da0-41ff-a731-605f35cc87b4
[11:38:05]   · projects 2024-05-09: dry-run 0.206 GiB  (누적 17.922 GiB / 60.0 GiB)
[11:38:20]   ✓ projects 2024-05-09: billed 0.207 GiB · rows 3,391,703 (기대 3,391,703 exact)
[11:38:20]     files 8 · 73 MiB · 13.5s · verify=ok · job 6f37bcbd-60b6-41ba-931c-2dd3a17e3566
[11:38:21]   · projects 2024-05-13: dry-run 0.210 GiB  (누적 18.132 GiB / 60.0 GiB)
[11:38:35]   ✓ projects 2024-05-13: billed 0.211 GiB · rows 3,459,023 (기대 3,459,023 exact)
[11:38:35]     files 8 · 75 MiB · 10.8s · verify=ok · job 857c33b9-64e2-445e-908a-81edaefe6075
[11:38:36]   · projects 2024-05-20: dry-run 0.218 GiB  (누적 18.350 GiB / 60.0 GiB)
[11:38:55]   ✓ projects 2024-05-20: billed 0.218 GiB · rows 3,582,415 (기대 3,582,415 exact)
[11:38:55]     files 8 · 77 MiB · 18.0s · verify=ok · job 467dfa5a-28c8-493d-b534-741703c7938d
[11:38:56]   · projects 2024-05-27: dry-run 0.224 GiB  (누적 18.574 GiB / 60.0 GiB)
[11:39:12]   ✓ projects 2024-05-27: billed 0.225 GiB · rows 3,689,498 (기대 3,689,498 exact)
[11:39:12]     files 8 · 79 MiB · 14.5s · verify=ok · job 66411310-93a6-428d-8816-544f4231b36a
[11:39:13]   · projects 2024-06-03: dry-run 0.229 GiB  (누적 18.803 GiB / 60.0 GiB)
[11:39:24]   ✓ projects 2024-06-03: billed 0.229 GiB · rows 3,776,101 (기대 3,776,101 exact)
[11:39:24]     files 9 · 81 MiB · 10.2s · verify=ok · job 7ea44b68-7831-4f2b-a299-a3b9a1be7e33
[11:39:25]   · projects 2024-06-10: dry-run 0.231 GiB  (누적 19.033 GiB / 60.0 GiB)
[11:39:39]   ✓ projects 2024-06-10: billed 0.231 GiB · rows 3,804,243 (기대 3,804,243 exact)
[11:39:39]     files 9 · 82 MiB · 13.1s · verify=ok · job f3499ff1-5d98-4a2a-8a72-b30d53e6dc34
[11:39:39]   · projects 2024-06-17: dry-run 0.232 GiB  (누적 19.265 GiB / 60.0 GiB)
[11:39:50]   ✓ projects 2024-06-17: billed 0.232 GiB · rows 3,825,809 (기대 3,825,809 exact)
[11:39:50]     files 9 · 82 MiB · 10.2s · verify=ok · job d578d12e-2aa3-4203-9430-afbb26fc8889
[11:39:51]   · projects 2024-06-24: dry-run 0.234 GiB  (누적 19.499 GiB / 60.0 GiB)
[11:40:04]   ✓ projects 2024-06-24: billed 0.234 GiB · rows 3,852,394 (기대 3,852,394 exact)
[11:40:04]     files 9 · 83 MiB · 11.8s · verify=ok · job da1cdb6e-6fbf-4212-9513-ca8fe4ce9a95
[11:40:05]   · projects 2024-07-01: dry-run 0.235 GiB  (누적 19.734 GiB / 60.0 GiB)
[11:40:19]   ✓ projects 2024-07-01: billed 0.235 GiB · rows 3,873,629 (기대 3,873,629 exact)
[11:40:19]     files 9 · 83 MiB · 14.0s · verify=ok · job 20af0d82-63b4-4c04-9a8f-e9444381090d
[11:40:20]   · projects 2024-07-08: dry-run 0.236 GiB  (누적 19.970 GiB / 60.0 GiB)
[11:40:45]   ✓ projects 2024-07-08: billed 0.236 GiB · rows 3,894,679 (기대 3,894,679 exact)
[11:40:45]     files 9 · 84 MiB · 24.1s · verify=ok · job 730c9bfa-d019-4b5f-9f96-d5ac2dc9b686
[11:40:46]   · projects 2024-07-09: dry-run 0.236 GiB  (누적 20.206 GiB / 60.0 GiB)
[11:41:01]   ✓ projects 2024-07-09: billed 0.237 GiB · rows 3,899,123 (기대 3,899,123 exact)
[11:41:01]     files 9 · 84 MiB · 14.4s · verify=ok · job aed1d9f3-025e-40b1-a6b5-34669fda7cb0
[11:41:02]   · projects 2024-07-15: dry-run 0.237 GiB  (누적 20.443 GiB / 60.0 GiB)
[11:41:15]   ✓ projects 2024-07-15: billed 0.237 GiB · rows 3,912,645 (기대 3,912,645 exact)
[11:41:15]     files 9 · 84 MiB · 12.2s · verify=ok · job 0b87a4d4-5579-463a-8ea7-041104566d1f
[11:41:16]   · projects 2024-07-23: dry-run 0.238 GiB  (누적 20.681 GiB / 60.0 GiB)
[11:41:30]   ✓ projects 2024-07-23: billed 0.238 GiB · rows 3,925,434 (기대 3,925,434 exact)
[11:41:30]     files 9 · 84 MiB · 13.3s · verify=ok · job 4bd4a1b0-e176-4ad3-9108-a386660cd6aa
[11:41:31]   · projects 2024-07-29: dry-run 0.239 GiB  (누적 20.920 GiB / 60.0 GiB)
[11:41:44]   ✓ projects 2024-07-29: billed 0.239 GiB · rows 3,934,334 (기대 3,934,334 exact)
[11:41:44]     files 9 · 84 MiB · 12.5s · verify=ok · job 84e6eea0-3c6c-4b51-bf31-dba08e31370f
[11:41:45]   · projects 2024-08-05: dry-run 0.479 GiB  (누적 21.398 GiB / 60.0 GiB)
[11:42:00]   ✓ projects 2024-08-05: billed 0.479 GiB · rows 7,893,196 (기대 7,893,196 exact)
[11:42:00]     files 17 · 166 MiB · 13.9s · verify=ok · job ccafc4cd-e4c1-42f4-801c-df4661cb0ac1
[11:42:00]   · projects 2024-08-12: dry-run 0.240 GiB  (누적 21.638 GiB / 60.0 GiB)
[11:42:11]   ✓ projects 2024-08-12: billed 0.240 GiB · rows 3,959,213 (기대 3,959,213 exact)
[11:42:11]     files 9 · 85 MiB · 10.1s · verify=ok · job a606cb00-6b19-4a14-b936-3f2795479baa
[11:42:12]   · projects 2024-08-19: dry-run 0.241 GiB  (누적 21.879 GiB / 60.0 GiB)
[11:42:23]   ✓ projects 2024-08-19: billed 0.241 GiB · rows 3,971,269 (기대 3,971,269 exact)
[11:42:23]     files 9 · 85 MiB · 10.1s · verify=ok · job 966c7795-a75d-4b73-adc7-a9b519ab204b
[11:42:24]   · projects 2024-08-29: dry-run 0.242 GiB  (누적 22.121 GiB / 60.0 GiB)
[11:42:35]   ✓ projects 2024-08-29: billed 0.242 GiB · rows 3,986,122 (기대 3,986,122 exact)
[11:42:35]     files 9 · 86 MiB · 10.8s · verify=ok · job 1a70e663-89ea-4a7c-9f12-aad376fcdefa
[11:42:37]   · projects 2024-09-02: dry-run 0.242 GiB  (누적 22.363 GiB / 60.0 GiB)
[11:42:52]   ✓ projects 2024-09-02: billed 0.242 GiB · rows 3,993,120 (기대 3,993,120 exact)
[11:42:52]     files 9 · 86 MiB · 14.0s · verify=ok · job 1c40e230-4552-41af-9138-041aa2d5a1af
[11:42:53]   · projects 2024-09-09: dry-run 0.243 GiB  (누적 22.606 GiB / 60.0 GiB)
[11:43:05]   ✓ projects 2024-09-09: billed 0.243 GiB · rows 4,004,164 (기대 4,004,164 exact)
[11:43:05]     files 9 · 86 MiB · 11.7s · verify=ok · job 3e70ce14-ad66-43f6-8678-93ffed251d5c
[11:43:07]   · projects 2024-09-16: dry-run 0.243 GiB  (누적 22.849 GiB / 60.0 GiB)
[11:43:23]   ✓ projects 2024-09-16: billed 0.244 GiB · rows 4,015,606 (기대 4,015,606 exact)
[11:43:23]     files 9 · 86 MiB · 15.6s · verify=ok · job 3a9349db-462d-45d0-8a49-01014e540a6a
[11:43:24]   · projects 2024-09-23: dry-run 0.244 GiB  (누적 23.093 GiB / 60.0 GiB)
[11:43:33]   ✓ projects 2024-09-23: billed 0.244 GiB · rows 4,026,372 (기대 4,026,372 exact)
[11:43:33]     files 9 · 86 MiB · 8.2s · verify=ok · job b3bf846b-15bb-4471-b846-a9c84bf95bf8
[11:43:33]   · projects 2024-09-30: dry-run 0.245 GiB  (누적 23.338 GiB / 60.0 GiB)
[11:43:50]   ✓ projects 2024-09-30: billed 0.245 GiB · rows 4,037,509 (기대 4,037,509 exact)
[11:43:50]     files 9 · 87 MiB · 15.6s · verify=ok · job e6b882b5-ef2e-490e-a108-49b13d912336
[11:43:51]   · projects 2024-10-07: dry-run 0.245 GiB  (누적 23.583 GiB / 60.0 GiB)
[11:44:02]   ✓ projects 2024-10-07: billed 0.246 GiB · rows 4,048,285 (기대 4,048,285 exact)
[11:44:02]     files 9 · 87 MiB · 10.3s · verify=ok · job 7e87e875-549c-496b-9c7f-c21e373c979d
[11:44:02]   · projects 2024-10-14: dry-run 0.246 GiB  (누적 23.830 GiB / 60.0 GiB)
[11:44:16]   ✓ projects 2024-10-14: billed 0.247 GiB · rows 4,059,743 (기대 4,059,743 exact)
[11:44:16]     files 9 · 87 MiB · 12.5s · verify=ok · job 8b984c6b-fe88-4c12-92ff-cea4312662df
[11:44:16]   · projects 2024-10-21: dry-run 0.247 GiB  (누적 24.076 GiB / 60.0 GiB)
[11:44:30]   ✓ projects 2024-10-21: billed 0.247 GiB · rows 4,070,835 (기대 4,070,835 exact)
[11:44:30]     files 9 · 87 MiB · 12.8s · verify=ok · job f0798712-bdaa-4c63-b0b8-62503aaa72d6
[11:44:31]   · projects 2024-10-28: dry-run 0.248 GiB  (누적 24.324 GiB / 60.0 GiB)
[11:44:43]   ✓ projects 2024-10-28: billed 0.248 GiB · rows 4,083,116 (기대 4,083,116 exact)
[11:44:43]     files 9 · 87 MiB · 11.3s · verify=ok · job 83490092-a121-42ae-b0e5-a1a9f825e2e4
[11:44:44]   · projects 2024-11-04: dry-run 0.248 GiB  (누적 24.572 GiB / 60.0 GiB)
[11:44:54]   ✓ projects 2024-11-04: billed 0.249 GiB · rows 4,093,108 (기대 4,093,108 exact)
[11:44:54]     files 9 · 88 MiB · 9.4s · verify=ok · job a76b721a-0eb3-46e3-97d2-d7e07a2a6390
[11:44:54]   · projects 2024-11-11: dry-run 0.249 GiB  (누적 24.821 GiB / 60.0 GiB)
[11:45:03]   ✓ projects 2024-11-11: billed 0.249 GiB · rows 4,105,778 (기대 4,105,778 exact)
[11:45:03]     files 9 · 88 MiB · 8.3s · verify=ok · job 2acd60b7-23ad-4d57-8396-1feb5580b8f7
[11:45:04]   · projects 2024-11-19: dry-run 0.250 GiB  (누적 25.071 GiB / 60.0 GiB)
[11:45:17]   ✓ projects 2024-11-19: billed 0.250 GiB · rows 4,117,549 (기대 4,117,549 exact)
[11:45:17]     files 9 · 88 MiB · 12.0s · verify=ok · job b28336d4-7a25-4ec4-b2f9-0a83b342e789
[11:45:18]   · projects 2024-11-25: dry-run 0.250 GiB  (누적 25.321 GiB / 60.0 GiB)
[11:45:33]   ✓ projects 2024-11-25: billed 0.251 GiB · rows 4,128,415 (기대 4,128,415 exact)
[11:45:33]     files 9 · 89 MiB · 13.7s · verify=ok · job b018d48f-f196-49a2-a7ce-41808c8d3f02
[11:45:34]   · projects 2024-12-02: dry-run 0.251 GiB  (누적 25.572 GiB / 60.0 GiB)
[11:45:47]   ✓ projects 2024-12-02: billed 0.252 GiB · rows 4,141,690 (기대 4,141,690 exact)
[11:45:47]     files 9 · 89 MiB · 13.1s · verify=ok · job 56ccd261-c5e3-4c4b-a4a1-15ef299fa3a3
[11:45:48]   · projects 2024-12-09: dry-run 0.252 GiB  (누적 25.824 GiB / 60.0 GiB)
[11:46:03]   ✓ projects 2024-12-09: billed 0.252 GiB · rows 4,153,722 (기대 4,153,722 exact)
[11:46:03]     files 9 · 89 MiB · 13.9s · verify=ok · job f623bc31-bc3b-4ee5-9311-4cc7cd2f2a09
[11:46:04]   · projects 2024-12-16: dry-run 0.252 GiB  (누적 26.076 GiB / 60.0 GiB)
[11:46:18]   ✓ projects 2024-12-16: billed 0.253 GiB · rows 4,157,180 (기대 4,157,180 exact)
[11:46:18]     files 9 · 89 MiB · 13.2s · verify=ok · job 9d7cd72c-9f57-43af-937c-7acb722b1217
[11:46:19]   · projects 2024-12-23: dry-run 0.252 GiB  (누적 26.328 GiB / 60.0 GiB)
[11:46:33]   ✓ projects 2024-12-23: billed 0.253 GiB · rows 4,160,676 (기대 4,160,676 exact)
[11:46:33]     files 9 · 89 MiB · 13.6s · verify=ok · job 454430fa-8c98-482c-b4a5-9965e240352a
[11:46:34]   · projects 2024-12-30: dry-run 0.252 GiB  (누적 26.581 GiB / 60.0 GiB)
[11:46:48]   ✓ projects 2024-12-30: billed 0.253 GiB · rows 4,163,733 (기대 4,163,733 exact)
[11:46:48]     files 9 · 89 MiB · 12.1s · verify=ok · job 13d7a58b-e511-456d-b899-ff5f95c2504c
[11:46:49]   · projects 2025-01-06: dry-run 0.253 GiB  (누적 26.833 GiB / 60.0 GiB)
[11:47:00]   ✓ projects 2025-01-06: billed 0.253 GiB · rows 4,166,989 (기대 4,166,989 exact)
[11:47:00]     files 9 · 89 MiB · 10.9s · verify=ok · job da9580c4-5249-4e8e-9019-e34ddaf3cbac
[11:47:01]   · projects 2025-01-13: dry-run 0.253 GiB  (누적 27.086 GiB / 60.0 GiB)
[11:47:16]   ✓ projects 2025-01-13: billed 0.253 GiB · rows 4,170,735 (기대 4,170,735 exact)
[11:47:16]     files 9 · 89 MiB · 14.1s · verify=ok · job 7d691a59-84b5-4033-9846-f99db06a97a4
[11:47:17]   · projects 2025-01-20: dry-run 0.253 GiB  (누적 27.339 GiB / 60.0 GiB)
[11:47:30]   ✓ projects 2025-01-20: billed 0.254 GiB · rows 4,174,605 (기대 4,174,605 exact)
[11:47:30]     files 9 · 90 MiB · 12.5s · verify=ok · job 23f10537-5853-4468-b03e-914257365f49
[11:47:31]   · projects 2025-01-27: dry-run 0.253 GiB  (누적 27.593 GiB / 60.0 GiB)
[11:47:44]   ✓ projects 2025-01-27: billed 0.254 GiB · rows 4,178,281 (기대 4,178,281 exact)
[11:47:44]     files 9 · 90 MiB · 11.6s · verify=ok · job b5b8900d-9e8e-45be-84c5-e5bd97aa1340
[11:47:45]   · projects 2025-02-03: dry-run 0.254 GiB  (누적 27.846 GiB / 60.0 GiB)
[11:47:57]   ✓ projects 2025-02-03: billed 0.254 GiB · rows 4,181,755 (기대 4,181,755 exact)
[11:47:57]     files 9 · 90 MiB · 11.3s · verify=ok · job 8ee763c6-93f1-4b60-88c6-9d94ee1b8dd1
[11:47:57]   · projects 2025-02-10: dry-run 0.254 GiB  (누적 28.100 GiB / 60.0 GiB)
[11:48:07]   ✓ projects 2025-02-10: billed 0.254 GiB · rows 4,185,714 (기대 4,185,714 exact)
[11:48:07]     files 9 · 90 MiB · 9.2s · verify=ok · job 603eef16-aa19-4f62-a9df-018439ad804b
[11:48:08]   · projects 2025-02-18: dry-run 0.254 GiB  (누적 28.354 GiB / 60.0 GiB)
[11:48:20]   ✓ projects 2025-02-18: billed 0.255 GiB · rows 4,189,782 (기대 4,189,782 exact)
[11:48:20]     files 9 · 90 MiB · 10.9s · verify=ok · job 9cbe123c-2557-4672-855d-ab52f06c398d
[11:48:21]   · projects 2025-02-25: dry-run 0.254 GiB  (누적 28.608 GiB / 60.0 GiB)
[11:48:34]   ✓ projects 2025-02-25: billed 0.255 GiB · rows 4,194,033 (기대 4,194,033 exact)
[11:48:34]     files 9 · 90 MiB · 12.2s · verify=ok · job b37d0ca5-34cf-464a-b829-28eec60d8460
[11:48:35]   · projects 2025-03-03: dry-run 0.255 GiB  (누적 28.863 GiB / 60.0 GiB)
[11:48:48]   ✓ projects 2025-03-03: billed 0.255 GiB · rows 4,198,757 (기대 4,198,757 exact)
[11:48:48]     files 9 · 90 MiB · 12.9s · verify=ok · job 8412b300-f8e0-4714-b03a-b257ef15bda6
[11:48:49]   · projects 2025-03-10: dry-run 0.255 GiB  (누적 29.118 GiB / 60.0 GiB)
[11:49:01]   ✓ projects 2025-03-10: billed 0.255 GiB · rows 4,203,129 (기대 4,203,129 exact)
[11:49:01]     files 9 · 90 MiB · 11.0s · verify=ok · job 35c66253-4dd0-4324-a131-cce3d3243e74
[11:49:01]   · projects 2025-03-18: dry-run 0.255 GiB  (누적 29.373 GiB / 60.0 GiB)
[11:49:16]   ✓ projects 2025-03-18: billed 0.256 GiB · rows 4,207,974 (기대 4,207,974 exact)
[11:49:16]     files 9 · 90 MiB · 14.1s · verify=ok · job 08f4e7b0-8c7a-43b1-9b71-b210fc41a494
[11:49:17]   · projects 2025-03-24: dry-run 0.256 GiB  (누적 29.628 GiB / 60.0 GiB)
[11:49:31]   ✓ projects 2025-03-24: billed 0.256 GiB · rows 4,214,986 (기대 4,214,986 exact)
[11:49:31]     files 9 · 90 MiB · 13.1s · verify=ok · job 386f9331-eabf-466b-8dcc-c3d63583ac2c
[11:49:32]   · projects 2025-03-31: dry-run 0.256 GiB  (누적 29.885 GiB / 60.0 GiB)
[11:49:49]   ✓ projects 2025-03-31: billed 0.257 GiB · rows 4,228,193 (기대 4,228,193 exact)
[11:49:49]     files 9 · 91 MiB · 16.6s · verify=ok · job 08a21558-e6f6-4bf2-b8dd-06c60136d646
[11:49:50]   · projects 2025-04-07: dry-run 0.257 GiB  (누적 30.141 GiB / 60.0 GiB)
[11:50:00]   ✓ projects 2025-04-07: billed 0.257 GiB · rows 4,232,393 (기대 4,232,393 exact)
[11:50:00]     files 9 · 91 MiB · 8.8s · verify=ok · job a41eea2f-bc36-4fd4-aa47-5c497e9b2c1a
[11:50:01]   · projects 2025-04-14: dry-run 0.257 GiB  (누적 30.398 GiB / 60.0 GiB)
[11:50:10]   ✓ projects 2025-04-14: billed 0.258 GiB · rows 4,239,956 (기대 4,239,956 exact)
[11:50:10]     files 9 · 91 MiB · 8.8s · verify=ok · job c0a3b31b-608f-4b1d-a142-2be5f744f16a
[11:50:11]   · projects 2025-04-22: dry-run 0.257 GiB  (누적 30.656 GiB / 60.0 GiB)
[11:50:20]   ✓ projects 2025-04-22: billed 0.258 GiB · rows 4,247,422 (기대 4,247,422 exact)
[11:50:20]     files 9 · 91 MiB · 7.8s · verify=ok · job 506f22f1-ab7f-4efe-9a57-cdd57ba229b0
[11:50:21]   · projects 2025-04-28: dry-run 0.258 GiB  (누적 30.913 GiB / 60.0 GiB)
[11:50:32]   ✓ projects 2025-04-28: billed 0.258 GiB · rows 4,251,937 (기대 4,251,937 exact)
[11:50:32]     files 10 · 91 MiB · 10.2s · verify=ok · job 0822d98b-d0a4-42d7-be8a-90e03f059e6b
[11:50:33]   · projects 2025-05-05: dry-run 0.258 GiB  (누적 31.171 GiB / 60.0 GiB)
[11:50:43]   ✓ projects 2025-05-05: billed 0.259 GiB · rows 4,256,189 (기대 4,256,189 exact)
[11:50:43]     files 10 · 91 MiB · 8.8s · verify=ok · job 11a63508-94ae-43d2-ac84-3dbca4c5f5c4
[11:50:44]   · projects 2025-05-12: dry-run 0.258 GiB  (누적 31.430 GiB / 60.0 GiB)
[11:50:56]   ✓ projects 2025-05-12: billed 0.259 GiB · rows 4,263,135 (기대 4,263,135 exact)
[11:50:56]     files 10 · 92 MiB · 11.7s · verify=ok · job 9cc4661c-cd9a-4463-8bad-7c99a4e5a8b7
[11:50:57]   · projects 2025-05-19: dry-run 0.259 GiB  (누적 31.689 GiB / 60.0 GiB)
[11:51:09]   ✓ projects 2025-05-19: billed 0.260 GiB · rows 4,275,587 (기대 4,275,587 exact)
[11:51:09]     files 10 · 92 MiB · 11.4s · verify=ok · job 2c2a97e5-de54-45c4-9610-be6dbb07cf5e
[11:51:10]   · projects 2025-05-26: dry-run 0.260 GiB  (누적 31.949 GiB / 60.0 GiB)
[11:51:20]   ✓ projects 2025-05-26: billed 0.261 GiB · rows 4,294,828 (기대 4,294,828 exact)
[11:51:20]     files 10 · 92 MiB · 9.5s · verify=ok · job 7447440c-2be8-4f4b-a1f7-0df0f95332a1
[11:51:21]   · projects 2025-06-02: dry-run 0.261 GiB  (누적 32.211 GiB / 60.0 GiB)
[11:51:32]   ✓ projects 2025-06-02: billed 0.262 GiB · rows 4,310,089 (기대 4,310,089 exact)
[11:51:32]     files 10 · 93 MiB · 9.9s · verify=ok · job 5906a957-db16-4d22-988c-a8f92cf21df1
[11:51:33]   · projects 2025-06-09: dry-run 0.263 GiB  (누적 32.474 GiB / 60.0 GiB)
[11:51:49]   ✓ projects 2025-06-09: billed 0.264 GiB · rows 4,336,312 (기대 4,336,312 exact)
[11:51:49]     files 10 · 93 MiB · 15.8s · verify=ok · job 999c0509-cdbb-475b-8167-f131ea04dc28
[11:51:50]   · projects 2025-06-16: dry-run 0.263 GiB  (누적 32.737 GiB / 60.0 GiB)
[11:52:01]   ✓ projects 2025-06-16: billed 0.264 GiB · rows 4,344,299 (기대 4,344,299 exact)
[11:52:01]     files 10 · 94 MiB · 10.2s · verify=ok · job dcb92cf3-b1ef-42b1-8b35-059f4eea2c8f
[11:52:02]   · projects 2025-06-23: dry-run 0.264 GiB  (누적 33.001 GiB / 60.0 GiB)
[11:52:15]   ✓ projects 2025-06-23: billed 0.265 GiB · rows 4,350,445 (기대 4,350,445 exact)
[11:52:15]     files 10 · 94 MiB · 13.0s · verify=ok · job f865007e-26d8-4f3f-a29b-5dda1807a758
[11:52:16]   · projects 2025-06-30: dry-run 0.264 GiB  (누적 33.265 GiB / 60.0 GiB)
[11:52:26]   ✓ projects 2025-06-30: billed 0.265 GiB · rows 4,354,814 (기대 4,354,814 exact)
[11:52:26]     files 10 · 94 MiB · 9.2s · verify=ok · job f570f774-7dd9-4b01-9e27-2dd474ce51f7
[11:52:27]   · projects 2025-07-07: dry-run 0.264 GiB  (누적 33.529 GiB / 60.0 GiB)
[11:52:38]   ✓ projects 2025-07-07: billed 0.265 GiB · rows 4,360,404 (기대 4,360,404 exact)
[11:52:38]     files 10 · 94 MiB · 10.0s · verify=ok · job 1c633b9c-c840-4b15-ba8a-f45cdca16413
[11:52:39]   · projects 2025-07-14: dry-run 0.265 GiB  (누적 33.794 GiB / 60.0 GiB)
[11:52:48]   ✓ projects 2025-07-14: billed 0.265 GiB · rows 4,365,694 (기대 4,365,694 exact)
[11:52:48]     files 10 · 94 MiB · 8.7s · verify=ok · job 488c37a2-3273-4710-a705-9bdedfc48721
[11:52:49]   · projects 2025-07-21: dry-run 0.265 GiB  (누적 34.058 GiB / 60.0 GiB)
[11:52:58]   ✓ projects 2025-07-21: billed 0.266 GiB · rows 4,370,352 (기대 4,370,352 exact)
[11:52:58]     files 10 · 94 MiB · 8.0s · verify=ok · job 9443a3b1-5343-4496-8709-adbca15a58d2
[11:52:59]   · projects 2025-07-28: dry-run 0.265 GiB  (누적 34.324 GiB / 60.0 GiB)
[11:53:10]   ✓ projects 2025-07-28: billed 0.266 GiB · rows 4,374,748 (기대 4,374,748 exact)
[11:53:10]     files 10 · 94 MiB · 10.7s · verify=ok · job 08647204-9fcf-47a1-9479-4c05586343f3
[11:53:11]   · projects 2025-08-04: dry-run 0.265 GiB  (누적 34.589 GiB / 60.0 GiB)
[11:53:22]   ✓ projects 2025-08-04: billed 0.266 GiB · rows 4,379,562 (기대 4,379,562 exact)
[11:53:22]     files 10 · 94 MiB · 9.8s · verify=ok · job be0bca05-f7d9-4b24-b56f-cd951c47dd42
[11:53:23]   · projects 2025-08-11: dry-run 0.266 GiB  (누적 34.855 GiB / 60.0 GiB)
[11:53:36]   ✓ projects 2025-08-11: billed 0.267 GiB · rows 4,384,004 (기대 4,384,004 exact)
[11:53:36]     files 10 · 94 MiB · 12.3s · verify=ok · job a2748439-a7ad-46a1-9086-f06feb4e1b74
[11:53:36]   · projects 2025-08-18: dry-run 0.266 GiB  (누적 35.121 GiB / 60.0 GiB)
[11:53:57]   ✓ projects 2025-08-18: billed 0.267 GiB · rows 4,388,647 (기대 4,388,647 exact)
[11:53:57]     files 10 · 94 MiB · 20.1s · verify=ok · job 90ed0c31-d245-467b-b13f-e44176feffd5
[11:53:58]   · projects 2025-08-25: dry-run 0.266 GiB  (누적 35.387 GiB / 60.0 GiB)
[11:54:12]   ✓ projects 2025-08-25: billed 0.267 GiB · rows 4,393,056 (기대 4,393,056 exact)
[11:54:12]     files 10 · 95 MiB · 12.9s · verify=ok · job 2df4b30c-7a41-447d-9615-f12afb038cb8
[11:54:12]   · projects 2025-09-01: dry-run 0.267 GiB  (누적 35.654 GiB / 60.0 GiB)
[11:54:22]   ✓ projects 2025-09-01: billed 0.267 GiB · rows 4,398,466 (기대 4,398,466 exact)
[11:54:22]     files 10 · 95 MiB · 9.1s · verify=ok · job 2801c82b-3ab7-46b1-a6de-ae48043773e3
[11:54:23]   · projects 2025-09-08: dry-run 0.267 GiB  (누적 35.920 GiB / 60.0 GiB)
[11:54:33]   ✓ projects 2025-09-08: billed 0.268 GiB · rows 4,403,506 (기대 4,403,506 exact)
[11:54:33]     files 10 · 95 MiB · 8.8s · verify=ok · job 8237749f-5d2a-4416-ba8d-adb68e2dd2ba
[11:54:34]   · projects 2025-09-15: dry-run 0.267 GiB  (누적 36.188 GiB / 60.0 GiB)
[11:54:44]   ✓ projects 2025-09-15: billed 0.268 GiB · rows 4,408,939 (기대 4,408,939 exact)
[11:54:44]     files 10 · 95 MiB · 9.6s · verify=ok · job 3dd11f96-6474-4ee6-9350-19dde527a061
[11:54:45]   · projects 2025-09-22: dry-run 0.268 GiB  (누적 36.455 GiB / 60.0 GiB)
[11:54:58]   ✓ projects 2025-09-22: billed 0.269 GiB · rows 4,415,786 (기대 4,415,786 exact)
[11:54:58]     files 10 · 95 MiB · 12.3s · verify=ok · job 483ed99c-a115-4e82-9dc1-d895e9c7789d
[11:54:59]   · projects 2025-09-29: dry-run 0.268 GiB  (누적 36.723 GiB / 60.0 GiB)
[11:55:12]   ✓ projects 2025-09-29: billed 0.269 GiB · rows 4,420,884 (기대 4,420,884 exact)
[11:55:12]     files 10 · 95 MiB · 12.6s · verify=ok · job 489c443c-07d5-4251-a8fb-3a977e782c14
[11:55:13]   · projects 2025-10-06: dry-run 0.268 GiB  (누적 36.991 GiB / 60.0 GiB)
[11:55:26]   ✓ projects 2025-10-06: billed 0.269 GiB · rows 4,425,571 (기대 4,425,571 exact)
[11:55:26]     files 10 · 95 MiB · 12.2s · verify=ok · job a124ead1-57e0-40b5-b60b-8e2fa4b913d9
[11:55:27]   · projects 2025-10-13: dry-run 0.268 GiB  (누적 37.260 GiB / 60.0 GiB)
[11:55:36]   ✓ projects 2025-10-13: billed 0.269 GiB · rows 4,430,172 (기대 4,430,172 exact)
[11:55:36]     files 10 · 95 MiB · 8.8s · verify=ok · job 9a9b6d67-d584-4baf-9c5a-8c978ffd259a
[11:55:37]   · projects 2025-10-20: dry-run 0.269 GiB  (누적 37.528 GiB / 60.0 GiB)
[11:55:49]   ✓ projects 2025-10-20: billed 0.270 GiB · rows 4,434,626 (기대 4,434,626 exact)
[11:55:49]     files 10 · 96 MiB · 11.1s · verify=ok · job d69a9f34-0db9-4c90-80e0-eb5475722b75
[11:55:50]   · projects 2025-10-27: dry-run 0.269 GiB  (누적 37.797 GiB / 60.0 GiB)
[11:56:01]   ✓ projects 2025-10-27: billed 0.270 GiB · rows 4,439,298 (기대 4,439,298 exact)
[11:56:01]     files 10 · 96 MiB · 9.8s · verify=ok · job e69a232f-b0c0-4294-a85d-8d56d7cca657
[11:56:01]   · projects 2025-11-03: dry-run 0.269 GiB  (누적 38.067 GiB / 60.0 GiB)
[11:56:11]   ✓ projects 2025-11-03: billed 0.270 GiB · rows 4,444,124 (기대 4,444,124 exact)
[11:56:11]     files 10 · 96 MiB · 9.2s · verify=ok · job 6240b105-a5e4-4fca-99af-68cc8a8e74c5
[11:56:12]   · projects 2025-11-10: dry-run 0.270 GiB  (누적 38.336 GiB / 60.0 GiB)
[11:56:25]   ✓ projects 2025-11-10: billed 0.271 GiB · rows 4,449,091 (기대 4,449,091 exact)
[11:56:25]     files 10 · 96 MiB · 11.7s · verify=ok · job 5e235401-af07-4ee2-bcfe-1a3974553f25
[11:56:26]   · projects 2025-11-17: dry-run 0.270 GiB  (누적 38.606 GiB / 60.0 GiB)
[11:56:44]   ✓ projects 2025-11-17: billed 0.271 GiB · rows 4,454,135 (기대 4,454,135 exact)
[11:56:44]     files 10 · 96 MiB · 17.8s · verify=ok · job d97239b1-3c8f-4f02-a19d-959e31ef6656
[11:56:46]   · projects 2025-11-24: dry-run 0.270 GiB  (누적 38.876 GiB / 60.0 GiB)
[11:56:57]   ✓ projects 2025-11-24: billed 0.271 GiB · rows 4,459,334 (기대 4,459,334 exact)
[11:56:57]     files 10 · 96 MiB · 11.2s · verify=ok · job 994e5d19-70e7-49e6-96d1-4f3267f5dd42
[11:56:58]   · projects 2025-12-01: dry-run 0.270 GiB  (누적 39.147 GiB / 60.0 GiB)
[11:57:09]   ✓ projects 2025-12-01: billed 0.271 GiB · rows 4,464,017 (기대 4,464,017 exact)
[11:57:09]     files 10 · 96 MiB · 10.0s · verify=ok · job fe9d7382-6edf-4563-94bf-4e29c589bebf
[11:57:10]   · projects 2025-12-08: dry-run 0.271 GiB  (누적 39.418 GiB / 60.0 GiB)
[11:57:25]   ✓ projects 2025-12-08: billed 0.271 GiB · rows 4,468,978 (기대 4,468,978 exact)
[11:57:25]     files 10 · 96 MiB · 13.6s · verify=ok · job 5100082c-50ec-4005-b919-afadbeadaba0
[11:57:25]   · projects 2025-12-15: dry-run 0.271 GiB  (누적 39.689 GiB / 60.0 GiB)
[11:57:39]   ✓ projects 2025-12-15: billed 0.271 GiB · rows 4,474,008 (기대 4,474,008 exact)
[11:57:39]     files 10 · 97 MiB · 12.7s · verify=ok · job 17e62a93-e39c-4706-887c-1698a1d0c48d
[11:57:40]   · projects 2025-12-22: dry-run 0.271 GiB  (누적 39.960 GiB / 60.0 GiB)
[11:57:49]   ✓ projects 2025-12-22: billed 0.271 GiB · rows 4,479,161 (기대 4,479,161 exact)
[11:57:49]     files 10 · 97 MiB · 8.2s · verify=ok · job f2f4c590-50c8-4937-b022-d09d9da3bd59
[11:57:49]   · projects 2025-12-29: dry-run 0.272 GiB  (누적 40.232 GiB / 60.0 GiB)
[11:57:59]   ✓ projects 2025-12-29: billed 0.272 GiB · rows 4,483,627 (기대 4,483,627 exact)
[11:57:59]     files 10 · 97 MiB · 9.0s · verify=ok · job 8b8a40b8-73a4-4039-a0b1-8b15395c3d39
[11:58:00]   · projects 2026-01-05: dry-run 0.272 GiB  (누적 40.504 GiB / 60.0 GiB)
[11:58:09]   ✓ projects 2026-01-05: billed 0.272 GiB · rows 4,488,670 (기대 4,488,670 exact)
[11:58:09]     files 10 · 97 MiB · 8.3s · verify=ok · job 08118080-7cd8-41d5-a3cc-f0cf76e03b04
[11:58:10]   · projects 2026-01-12: dry-run 0.272 GiB  (누적 40.776 GiB / 60.0 GiB)
[11:58:21]   ✓ projects 2026-01-12: billed 0.272 GiB · rows 4,494,115 (기대 4,494,115 exact)
[11:58:21]     files 10 · 97 MiB · 10.3s · verify=ok · job 8811147b-01c9-4fcc-a12b-3cb59ac0d497
[11:58:21]   · projects 2026-01-19: dry-run 0.273 GiB  (누적 41.049 GiB / 60.0 GiB)
[11:58:30]   ✓ projects 2026-01-19: billed 0.273 GiB · rows 4,499,757 (기대 4,499,757 exact)
[11:58:30]     files 10 · 97 MiB · 7.9s · verify=ok · job b5b5f085-6167-4684-9875-90125db25b79
[11:58:31]   · projects 2026-01-26: dry-run 0.273 GiB  (누적 41.321 GiB / 60.0 GiB)
[11:58:43]   ✓ projects 2026-01-26: billed 0.273 GiB · rows 4,505,408 (기대 4,505,408 exact)
[11:58:43]     files 10 · 97 MiB · 11.0s · verify=ok · job 608f9ffa-ab92-4895-a9db-69e92a0f4e75
[11:58:44]   · projects 2026-02-13: dry-run 0.274 GiB  (누적 41.595 GiB / 60.0 GiB)
[11:58:54]   ✓ projects 2026-02-13: billed 0.274 GiB · rows 4,522,346 (기대 4,522,346 exact)
[11:58:54]     files 10 · 97 MiB · 9.9s · verify=ok · job b8143872-a274-4301-8885-6fa7d09b9c1d
[11:58:55]   · projects 2026-02-16: dry-run 0.274 GiB  (누적 41.870 GiB / 60.0 GiB)
[11:59:15]   ✓ projects 2026-02-16: billed 0.274 GiB · rows 4,525,853 (기대 4,525,853 exact)
[11:59:15]     files 10 · 98 MiB · 19.0s · verify=ok · job e5b4506c-d550-47a0-9e6d-5b9df478ba8e
[11:59:16]   · projects 2026-02-23: dry-run 0.275 GiB  (누적 42.144 GiB / 60.0 GiB)
[11:59:27]   ✓ projects 2026-02-23: billed 0.275 GiB · rows 4,533,592 (기대 4,533,592 exact)
[11:59:27]     files 10 · 98 MiB · 11.0s · verify=ok · job 5e0cd824-61e6-4882-bded-22c0bc6df6de
[11:59:28]   · projects 2026-03-02: dry-run 0.275 GiB  (누적 42.419 GiB / 60.0 GiB)
[11:59:39]   ✓ projects 2026-03-02: billed 0.275 GiB · rows 4,542,112 (기대 4,542,112 exact)
[11:59:39]     files 10 · 98 MiB · 10.3s · verify=ok · job e226c841-6b0e-499f-8e49-e13a02b1daef
[11:59:40]   · projects 2026-03-09: dry-run 0.294 GiB  (누적 42.714 GiB / 60.0 GiB)
[11:59:53]   ✓ projects 2026-03-09: billed 0.295 GiB · rows 4,858,625 (기대 4,858,625 exact)
[11:59:53]     files 11 · 105 MiB · 12.3s · verify=ok · job 7661c7a4-88d7-497c-840c-bc3256f510c0
[11:59:53]   · projects 2026-03-10: dry-run 0.296 GiB  (누적 43.010 GiB / 60.0 GiB)
[12:00:04]   ✓ projects 2026-03-10: billed 0.297 GiB · rows 4,889,726 (기대 4,889,726 exact)
[12:00:04]     files 11 · 105 MiB · 9.7s · verify=ok · job 22d6b243-5d30-4eea-8175-c517ec12b428
[12:00:05]   · projects 2026-03-16: dry-run 0.300 GiB  (누적 43.310 GiB / 60.0 GiB)
[12:00:21]   ✓ projects 2026-03-16: billed 0.300 GiB · rows 4,945,781 (기대 4,945,781 exact)
[12:00:21]     files 11 · 107 MiB · 15.3s · verify=ok · job 3cece5ba-7809-47d1-8c2e-857cf820b53f
[12:00:22]   · projects 2026-03-23: dry-run 0.300 GiB  (누적 43.610 GiB / 60.0 GiB)
[12:00:37]   ✓ projects 2026-03-23: billed 0.301 GiB · rows 4,956,547 (기대 4,956,547 exact)
[12:00:37]     files 11 · 107 MiB · 14.4s · verify=ok · job cf252ca1-bf2d-4977-8d54-9db1b9c6d410
[12:00:38]   · projects 2026-03-30: dry-run 0.301 GiB  (누적 43.911 GiB / 60.0 GiB)
[12:00:56]   ✓ projects 2026-03-30: billed 0.302 GiB · rows 4,965,328 (기대 4,965,328 exact)
[12:00:56]     files 11 · 107 MiB · 17.2s · verify=ok · job 378ba7de-107a-48db-94f4-e17930705974
[12:00:57]   · projects 2026-04-06: dry-run 0.301 GiB  (누적 44.213 GiB / 60.0 GiB)
[12:01:09]   ✓ projects 2026-04-06: billed 0.302 GiB · rows 4,974,055 (기대 4,974,055 exact)
[12:01:09]     files 11 · 107 MiB · 11.5s · verify=ok · job 2506ea28-2e27-41e3-9e51-674b4ec180b0
[12:01:10]   · projects 2026-04-13: dry-run 0.302 GiB  (누적 44.515 GiB / 60.0 GiB)
[12:01:23]   ✓ projects 2026-04-13: billed 0.303 GiB · rows 4,986,226 (기대 4,986,226 exact)
[12:01:23]     files 11 · 107 MiB · 12.0s · verify=ok · job 27b2442b-4bb9-4c8d-bee9-e69682ffc93f
[12:01:24]   · projects 2026-04-14: dry-run 0.302 GiB  (누적 44.817 GiB / 60.0 GiB)
[12:01:36]   ✓ projects 2026-04-14: billed 0.303 GiB · rows 4,986,576 (기대 4,986,576 exact)
[12:01:36]     files 11 · 107 MiB · 11.4s · verify=ok · job 68de0e1a-bcce-4e0f-a36d-db73d8997ec5
[12:01:37]   · projects 2026-04-20: dry-run 0.303 GiB  (누적 45.120 GiB / 60.0 GiB)
[12:01:48]   ✓ projects 2026-04-20: billed 0.303 GiB · rows 4,994,357 (기대 4,994,357 exact)
[12:01:48]     files 11 · 108 MiB · 10.2s · verify=ok · job 390b5292-11cd-48bf-9a44-6c25b3f847e8
[12:01:49]   · projects 2026-04-28: dry-run 0.303 GiB  (누적 45.423 GiB / 60.0 GiB)
[12:02:03]   ✓ projects 2026-04-28: billed 0.304 GiB · rows 5,006,961 (기대 5,006,961 exact)
[12:02:03]     files 11 · 108 MiB · 12.9s · verify=ok · job 3b86a588-29cb-442d-99a1-27e746ef32b0
[12:02:04]   · projects 2026-05-05: dry-run 0.304 GiB  (누적 45.727 GiB / 60.0 GiB)
[12:02:15]   ✓ projects 2026-05-05: billed 0.305 GiB · rows 5,016,421 (기대 5,016,421 exact)
[12:02:15]     files 11 · 108 MiB · 10.3s · verify=ok · job f0672fd8-9cfc-45d8-ade3-19d214acbfa5
[12:02:16]   · projects 2026-05-11: dry-run 0.305 GiB  (누적 46.032 GiB / 60.0 GiB)
[12:02:26]   ✓ projects 2026-05-11: billed 0.306 GiB · rows 5,027,756 (기대 5,027,756 exact)
[12:02:26]     files 11 · 108 MiB · 9.8s · verify=ok · job 91241058-9e96-41aa-ae22-dd3e0eebffd2
[12:02:27]   · projects 2026-05-18: dry-run 0.305 GiB  (누적 46.338 GiB / 60.0 GiB)
[12:02:41]   ✓ projects 2026-05-18: billed 0.306 GiB · rows 5,038,810 (기대 5,038,810 exact)
[12:02:41]     files 11 · 109 MiB · 13.5s · verify=ok · job eb1ef475-2dc2-4efe-9563-da5b1ab65b87
[12:02:42]   · projects 2026-06-01: dry-run 0.306 GiB  (누적 46.644 GiB / 60.0 GiB)
[12:02:55]   ✓ projects 2026-06-01: billed 0.307 GiB · rows 5,056,302 (기대 5,056,302 exact)
[12:02:55]     files 11 · 109 MiB · 12.5s · verify=ok · job 4b58d68d-e0bf-48db-a316-fc54da200d47
[12:02:58]   · projects 2026-06-11: dry-run 0.307 GiB  (누적 46.951 GiB / 60.0 GiB)
[12:03:13]   ✓ projects 2026-06-11: billed 0.308 GiB · rows 5,071,326 (기대 5,071,326 exact)
[12:03:13]     files 11 · 109 MiB · 13.8s · verify=ok · job 6cbc333d-9cda-4baf-b5b1-7dd23b2eb232
[12:03:13]   · projects 2026-06-15: dry-run 0.308 GiB  (누적 47.259 GiB / 60.0 GiB)
[12:03:29]   ✓ projects 2026-06-15: billed 0.309 GiB · rows 5,077,351 (기대 5,077,351 exact)
[12:03:29]     files 11 · 109 MiB · 14.3s · verify=ok · job a7cf6c7d-eb8f-482e-9d5f-cb456b104bb9
[12:03:29]   · projects 2026-06-23: dry-run 0.308 GiB  (누적 47.567 GiB / 60.0 GiB)
[12:03:39]   ✓ projects 2026-06-23: billed 0.309 GiB · rows 5,086,799 (기대 5,086,799 exact)
[12:03:39]     files 11 · 110 MiB · 8.8s · verify=ok · job 9515143a-0bda-4c07-b26a-6bb9c318d31f
[12:03:40]   · projects 2026-06-29: dry-run 0.309 GiB  (누적 47.876 GiB / 60.0 GiB)
[12:03:54]   ✓ projects 2026-06-29: billed 0.310 GiB · rows 5,098,909 (기대 5,098,909 exact)
[12:03:54]     files 11 · 110 MiB · 13.3s · verify=ok · job 8cf3dc27-a913-4010-8fe5-c42fdd8cd31c
[12:03:54]   · projects 2026-07-06: dry-run 0.310 GiB  (누적 48.186 GiB / 60.0 GiB)
[12:04:07]   ✓ projects 2026-07-06: billed 0.311 GiB · rows 5,109,992 (기대 5,109,992 exact)
[12:04:07]     files 11 · 110 MiB · 11.8s · verify=ok · job 19c8450e-ef50-488a-abe5-d5d788b9ed0c
[12:04:08]   · projects 2026-07-13: dry-run 0.310 GiB  (누적 48.496 GiB / 60.0 GiB)
[12:04:21]   ✓ projects 2026-07-13: billed 0.311 GiB · rows 5,122,936 (기대 5,122,936 exact)
[12:04:21]     files 11 · 110 MiB · 12.7s · verify=ok · job 286cdd69-c66d-4d07-96a0-0958cc5ae8cc
[12:04:22]   · projects 2026-07-20: dry-run 0.311 GiB  (누적 48.808 GiB / 60.0 GiB)
[12:04:36]   ✓ projects 2026-07-20: billed 0.312 GiB · rows 5,139,027 (기대 5,139,027 exact)
[12:04:36]     files 11 · 111 MiB · 12.8s · verify=ok · job a443e3c2-bf88-4ca7-8d7c-eba2ac426423
[12:04:37]   · projects 2026-07-27: dry-run 0.312 GiB  (누적 49.120 GiB / 60.0 GiB)
[12:04:46]   ✓ projects 2026-07-27: billed 0.312 GiB · rows 5,157,310 (기대 5,157,310 exact)
[12:04:46]     files 11 · 111 MiB · 8.6s · verify=ok · job dac8cbe4-a1ee-4705-8b4b-cccae7eda007
[12:04:47]   · projects 2026-08-03: dry-run 0.313 GiB  (누적 49.433 GiB / 60.0 GiB)
[12:04:59]   ✓ projects 2026-08-03: billed 0.313 GiB · rows 5,169,577 (기대 5,169,577 exact)
[12:04:59]     files 11 · 111 MiB · 10.9s · verify=ok · job 5ade4a1b-fbf3-48e6-b281-7e00d99319dc
[12:04:59]   · projects 2026-08-10: dry-run 0.314 GiB  (누적 49.747 GiB / 60.0 GiB)
[12:05:13]   ✓ projects 2026-08-10: billed 0.314 GiB · rows 5,182,871 (기대 5,182,871 exact)
[12:05:13]     files 11 · 112 MiB · 12.9s · verify=ok · job cfa0a624-eb06-4a25-b342-e8c4f7a5233d
[12:05:14]   · projects 2026-08-17: dry-run 0.315 GiB  (누적 50.062 GiB / 60.0 GiB)
[12:05:28]   ✓ projects 2026-08-17: billed 0.315 GiB · rows 5,196,387 (기대 5,196,387 exact)
[12:05:28]     files 12 · 112 MiB · 13.1s · verify=ok · job c37937a9-40ff-4df9-84b0-0f63d2815266
[12:05:29]   · projects 2026-08-24: dry-run 0.316 GiB  (누적 50.378 GiB / 60.0 GiB)
[12:05:40]   ✓ projects 2026-08-24: billed 0.316 GiB · rows 5,209,718 (기대 5,209,718 exact)
[12:05:40]     files 12 · 112 MiB · 9.6s · verify=ok · job 5e1e34fa-93ed-412d-aa18-16ca6022a599
[12:05:40] ── 요약 ──
[12:05:40] 잡 228개 · 실행 228개 · dry-run 누적 50.378 GiB · 과금 누적 50.490 GiB
EXIT=0
