Timing is on.
BEGIN
Time: 0.122 ms
SET
Time: 0.098 ms
SET
Time: 0.075 ms
SELECT 1
Time: 0.997 ms
SELECT 99995
Time: 37.424 ms
SELECT 91618
Time: 159.329 ms
ALTER TABLE
Time: 9.987 ms
SELECT 1
Time: 75.472 ms
### 계산 결과
 latest_snapshot | old_rows | with_version_snapshot | new_rows | dropped_no_downloads | kept  | removed | added 
-----------------+----------+-----------------------+----------+----------------------+-------+---------+-------
 2026-08-31      |    99083 |                 99995 |    91618 |                 8377 | 71765 |   27318 | 19853
(1 row)

Time: 0.235 ms
SELECT 1
Time: 0.611 ms
ERROR:  중단: 기존 목록 유지 비율 72.43 % 가 하한 99 % 보다 낮다
CONTEXT:  PL/pgSQL function inline_code_block line 10 at RAISE
Time: 2.847 ms
