Timing is on.
BEGIN
Time: 0.126 ms
SET
Time: 0.107 ms
SET
Time: 0.076 ms
SELECT 1
Time: 1.153 ms
SELECT 99995
Time: 34.558 ms
SELECT 91618
Time: 148.972 ms
ALTER TABLE
Time: 9.259 ms
SELECT 1
Time: 72.468 ms
### 계산 결과
 latest_snapshot | old_rows | with_version_snapshot | new_rows | dropped_no_downloads | kept  | removed | added 
-----------------+----------+-----------------------+----------+----------------------+-------+---------+-------
 2026-08-31      |    91618 |                 99995 |    91618 |                 8377 | 91618 |       0 |     0
(1 row)

Time: 0.301 ms
SELECT 1
Time: 0.915 ms
ERROR:  중단: 백업 표 available_package_bak_rehearsal 가 이미 있다 — 다른 이름을 줄 것
CONTEXT:  PL/pgSQL function inline_code_block line 14 at RAISE
Time: 2.648 ms
