started 2026-08-22 05:49:37 interval=20s duration_min=30.0 max_calls=900
[05:49:37] arrival/안국 saved 054937_f6eb3b1d4dd9.json
[05:49:37] arrival/교대 saved 054937_83fa716e2fc8.json
[05:49:37] arrival/역삼 saved 054937_f3ec3eac7431.json
[05:49:37] position/2호선 saved 054937_f2bd329f6606.json
[05:49:37] position/3호선 saved 054937_e7486b555b80.json
[05:49:57] arrival/안국 saved 054957_7cfb9d5e9cdb.json
[05:49:57] arrival/교대 saved 054957_83c083085613.json
[05:49:57] arrival/역삼 saved 054957_ba0b61747579.json
[05:49:57] position/2호선 saved 054957_23e37e5608d0.json
[05:49:57] position/3호선 saved 054957_62092e16b394.json
[05:50:17] arrival/안국 saved 055017_a68e730856c4.json
[05:50:17] arrival/교대 saved 055017_c98a19133974.json
[05:50:17] arrival/역삼 saved 055017_a478bdaabe6f.json
[05:50:17] position/2호선 saved 055017_6f1a167e8b58.json
[05:50:17] position/3호선 saved 055017_4a4ac9958a76.json
[05:50:37] arrival/안국 saved 055037_f9b47d568a3e.json
[05:50:37] arrival/교대 saved 055037_2906c7af444f.json
[05:50:37] arrival/역삼 saved 055037_703529483f58.json
[05:50:37] position/2호선 saved 055037_edd614944868.json
[05:50:37] position/3호선 saved 055037_01c0e0603465.json
[05:50:57] arrival/안국 saved 055057_e94c1c23ffe2.json
[05:50:57] arrival/교대 saved 055057_d227124c3be9.json
[05:50:57] arrival/역삼 saved 055057_eca154a06950.json
[05:50:57] position/2호선 saved 055057_aeeba1bef5d5.json
[05:50:57] position/3호선 saved 055057_21853dbf3fcf.json
[05:51:17] arrival/안국 saved 055117_5be0a24b0c5a.json
[05:51:17] arrival/교대 saved 055117_6ab87d75462b.json
[05:51:17] arrival/역삼 saved 055117_9008f2e44e84.json
[05:51:17] position/2호선 saved 055117_0e152a5e4493.json
[05:51:17] position/3호선 saved 055117_2e880b9b7b09.json
[05:51:37] arrival/안국 saved 055137_e0c002e2a2e7.json
[05:51:37] arrival/교대 saved 055137_a82cbc43834c.json
[05:51:37] arrival/역삼 saved 055137_01c99c6990a2.json
[05:51:37] position/2호선 saved 055137_32e0ecdf565c.json
[05:51:37] position/3호선 saved 055137_bc2fd3b4e0fb.json
[05:51:57] arrival/안국 saved 055157_89f8170298d7.json
[05:51:57] arrival/교대 saved 055157_06eca195aa7b.json
[05:51:57] arrival/역삼 saved 055157_be84e2c93d5d.json
[05:51:57] position/2호선 saved 055157_466bd267d308.json
[05:51:57] position/3호선 saved 055157_cba2d3519656.json
[05:52:17] arrival/안국 saved 055217_6e660e4becb8.json
[05:52:17] arrival/교대 saved 055217_92ed45545b32.json
[05:52:17] arrival/역삼 saved 055217_d1bda0c9f18f.json
[05:52:17] position/2호선 saved 055217_cea7629ea18a.json
[05:52:17] position/3호선 saved 055217_9afebe4cd684.json
[05:52:37] arrival/안국 saved 055237_8e37ff17f612.json
[05:52:37] arrival/교대 saved 055237_fde7e3a4997e.json
[05:52:37] arrival/역삼 saved 055237_b61de95fd8d9.json
[05:52:37] position/2호선 saved 055237_97d0201de517.json
[05:52:37] position/3호선 saved 055237_95beb5942393.json
[05:52:57] arrival/안국 saved 055257_0b82695d2466.json
[05:52:57] arrival/교대 saved 055257_d1b0074961f6.json
[05:52:57] arrival/역삼 saved 055257_af5bfc5b0b51.json
[05:52:57] position/2호선 saved 055257_504f0136cd3f.json
[05:52:57] position/3호선 saved 055257_a17df83d470a.json
[05:53:17] arrival/안국 saved 055317_197ce106ba3a.json
[05:53:17] arrival/교대 saved 055317_1f38e8c5fe3f.json
[05:53:17] arrival/역삼 saved 055317_c29aef799856.json
[05:53:17] position/2호선 saved 055317_9750c711da70.json
[05:53:17] position/3호선 saved 055317_90d6c9b2564a.json
[05:53:37] arrival/안국 saved 055337_4a04a283789b.json
[05:53:37] arrival/교대 saved 055337_670be1e51927.json
[05:53:37] arrival/역삼 saved 055337_864135c8eca7.json
[05:53:37] position/2호선 saved 055337_57118972971e.json
[05:53:37] position/3호선 saved 055337_44dfb9685ee8.json
[05:53:57] arrival/안국 saved 055357_95e6c83559ee.json
[05:53:57] arrival/교대 saved 055357_4139df961943.json
[05:53:57] arrival/역삼 saved 055357_cc6a6640fc55.json
[05:53:57] position/2호선 saved 055357_0c2676414b01.json
[05:53:57] position/3호선 saved 055357_e18dda0632c5.json
[05:54:17] arrival/안국 saved 055417_74200c31f7ae.json
[05:54:17] arrival/교대 saved 055417_a0ace4408044.json
[05:54:17] arrival/역삼 saved 055417_6a8b64eeabf9.json
[05:54:17] position/2호선 saved 055417_ec734bd4e024.json
[05:54:17] position/3호선 saved 055417_a5e609cb0f90.json
[05:54:37] arrival/안국 saved 055437_0c780275b279.json
[05:54:37] arrival/교대 saved 055437_1f379e63fefb.json
[05:54:37] arrival/역삼 saved 055437_7e5dbdb07e0a.json
[05:54:37] position/2호선 saved 055437_59a3ba0d62de.json
[05:54:37] position/3호선 saved 055437_b29e3c3d1946.json
[05:54:57] arrival/안국 saved 055457_4f6d80163e35.json
[05:54:57] arrival/교대 saved 055457_d937576c652a.json
[05:54:57] arrival/역삼 saved 055457_f3acc3b75696.json
[05:54:57] position/2호선 saved 055457_08171b550e4c.json
[05:54:57] position/3호선 saved 055457_b78e5b9c5642.json
[05:55:17] arrival/안국 saved 055517_0eff3cfb84f1.json
[05:55:17] arrival/교대 saved 055517_2342df10f7ae.json
[05:55:17] arrival/역삼 saved 055517_50f42ee6b02d.json
[05:55:17] position/2호선 saved 055517_63b16a1ab56f.json
[05:55:17] position/3호선 saved 055517_5498cb1ef86a.json
[05:55:37] arrival/안국 saved 055537_03fd1b0722a4.json
[05:55:37] arrival/교대 saved 055537_546f57e87cce.json
[05:55:37] arrival/역삼 saved 055537_969c6b728eb6.json
[05:55:37] position/2호선 saved 055537_4cc0e590882c.json
[05:55:37] position/3호선 saved 055537_61081b0ba556.json
[05:55:57] arrival/안국 saved 055557_c64c8a8e654b.json
[05:55:57] arrival/교대 saved 055557_9009e64271d6.json
[05:55:57] arrival/역삼 saved 055557_8bfb0620fe74.json
[05:55:57] position/2호선 saved 055557_fc8f401b4524.json
[05:55:57] position/3호선 saved 055557_86ce454d902a.json
[05:56:17] arrival/안국 saved 055617_ae4f1924ebe3.json
[05:56:17] arrival/교대 saved 055617_2879a879e59d.json
[05:56:17] arrival/역삼 saved 055617_81bd09d344a7.json
[05:56:17] position/2호선 saved 055617_9bfa1e395847.json
[05:56:17] position/3호선 saved 055617_a0c95c529c88.json
[05:56:37] arrival/안국 saved 055637_07fd818cde51.json
[05:56:37] arrival/교대 saved 055637_1510819fdc2d.json
[05:56:37] arrival/역삼 saved 055637_e0f3b11f8f4e.json
[05:56:37] position/2호선 saved 055637_1c41488f725d.json
[05:56:37] position/3호선 saved 055637_71a8efea79db.json
[05:56:57] arrival/안국 saved 055657_b8cdaa4477bf.json
[05:56:57] arrival/교대 saved 055657_b17b23b67ac0.json
[05:56:57] arrival/역삼 saved 055657_c0416eab2c35.json
[05:56:57] position/2호선 saved 055657_25626dd2f335.json
[05:56:57] position/3호선 saved 055657_e1e37e852403.json
[05:57:17] arrival/안국 saved 055717_f88e49297665.json
[05:57:17] arrival/교대 saved 055717_25001e72eed4.json
[05:57:17] arrival/역삼 saved 055717_d3c4bcb077c4.json
[05:57:17] position/2호선 saved 055717_562e0b704b00.json
[05:57:17] position/3호선 saved 055717_2f8753c0ce1e.json
[05:57:37] arrival/안국 saved 055737_36dc09a919e7.json
[05:57:37] arrival/교대 saved 055737_5fcb03838c10.json
[05:57:37] arrival/역삼 saved 055737_7277be32a28b.json
[05:57:37] position/2호선 saved 055737_71ce155f8aba.json
[05:57:37] position/3호선 saved 055737_834b892ae6e7.json
[05:57:57] arrival/안국 saved 055757_a70bccb06135.json
[05:57:57] arrival/교대 saved 055757_77dd0f445203.json
[05:57:57] arrival/역삼 saved 055757_5832dcb1d252.json
[05:57:57] position/2호선 saved 055757_2d965d2a17c6.json
[05:57:57] position/3호선 saved 055757_7d76012e1f2f.json
[05:58:17] arrival/안국 saved 055817_9d1618d67cf9.json
[05:58:17] arrival/교대 saved 055817_273028853194.json
[05:58:17] arrival/역삼 saved 055817_0536c4cda751.json
[05:58:17] position/2호선 saved 055817_75602d089341.json
[05:58:17] position/3호선 saved 055817_3addd7954847.json
[05:58:37] arrival/안국 saved 055837_588104bb54e5.json
[05:58:37] arrival/교대 saved 055837_20693fc9cbf2.json
[05:58:37] arrival/역삼 saved 055837_93f28d9551af.json
[05:58:37] position/2호선 saved 055837_9d31ed346116.json
[05:58:37] position/3호선 saved 055837_c14b2dc0e396.json
[05:58:57] arrival/안국 saved 055857_c0d923c5010c.json
[05:58:57] arrival/교대 saved 055857_4a6b8e70442f.json
[05:58:57] arrival/역삼 saved 055857_0c243f9d3dfb.json
[05:58:57] position/2호선 saved 055857_048b5496ac15.json
[05:58:57] position/3호선 saved 055857_26ce54a18537.json
[05:59:17] arrival/안국 saved 055917_6404c57c0684.json
[05:59:17] arrival/교대 saved 055917_d64ada68080b.json
[05:59:17] arrival/역삼 saved 055917_e815813c6fa4.json
[05:59:17] position/2호선 saved 055917_1fe802ad4662.json
[05:59:17] position/3호선 saved 055917_9ddcf85e9fe0.json
[05:59:37] arrival/안국 saved 055937_c5ddf23c40f5.json
[05:59:37] arrival/교대 saved 055937_a7e60f2e2c3a.json
[05:59:37] arrival/역삼 saved 055937_f54bb53e1f9b.json
[05:59:37] position/2호선 saved 055937_6dffad7ba88c.json
[05:59:37] position/3호선 saved 055937_5cc7eaaec8f6.json
[05:59:57] arrival/안국 saved 055957_3e68b67bc7f3.json
[05:59:57] arrival/교대 saved 055957_fe7de37e6164.json
[05:59:57] arrival/역삼 saved 055957_881a720b0e11.json
[05:59:57] position/2호선 saved 055957_b02f51f5349a.json
[05:59:57] position/3호선 saved 055957_d0e47b7d4860.json
[06:00:17] arrival/안국 saved 060017_49fee892bdd6.json
[06:00:17] arrival/교대 saved 060017_f5f439b4357a.json
[06:00:17] arrival/역삼 saved 060017_38f1cb61f59a.json
[06:00:17] position/2호선 saved 060017_803f82f0258f.json
[06:00:17] position/3호선 saved 060017_e2729cc22d4b.json
[06:00:37] arrival/안국 saved 060037_933cfce3037a.json
[06:00:37] arrival/교대 saved 060037_331980ce1a04.json
[06:00:37] arrival/역삼 saved 060037_1ff88547aa82.json
[06:00:37] position/2호선 saved 060037_85764a54d108.json
[06:00:37] position/3호선 saved 060037_2d89ce4b4262.json
[06:00:57] arrival/안국 saved 060057_5eecf79c5ae6.json
[06:00:57] arrival/교대 saved 060057_04239fbc0c2d.json
[06:00:57] arrival/역삼 saved 060057_e6424dc6ad7d.json
[06:00:57] position/2호선 saved 060057_2f8fac1baef6.json
[06:00:57] position/3호선 saved 060057_dfb6b68ec68b.json
[06:01:17] arrival/안국 saved 060117_1cafaf1397ee.json
[06:01:17] arrival/교대 saved 060117_7d56dce14044.json
[06:01:17] arrival/역삼 saved 060117_7c0eb0a810c9.json
[06:01:17] position/2호선 saved 060117_7c0ab63ce1c2.json
[06:01:17] position/3호선 saved 060117_141ad6fa5f25.json
[06:01:37] arrival/안국 saved 060137_544a6cc9be85.json
[06:01:37] arrival/교대 saved 060137_ea02ca44e0fd.json
[06:01:37] arrival/역삼 saved 060137_57a371c1519d.json
[06:01:37] position/2호선 saved 060137_6a96f3beaaf8.json
[06:01:37] position/3호선 saved 060137_046b36510685.json
[06:01:57] arrival/안국 saved 060157_98cd15f005ae.json
[06:01:57] arrival/교대 saved 060157_d70e6e9bbb41.json
[06:01:57] arrival/역삼 saved 060157_bffd42bf3e07.json
[06:01:57] position/2호선 saved 060157_944d290570c6.json
[06:01:57] position/3호선 saved 060157_2976558077fe.json
[06:02:17] arrival/안국 saved 060217_ea21764c6495.json
[06:02:17] arrival/교대 saved 060217_9e4faf479a61.json
[06:02:17] arrival/역삼 saved 060217_a257e045f44b.json
[06:02:17] position/2호선 saved 060217_80a56ffd4915.json
[06:02:17] position/3호선 saved 060217_c212c9e63836.json
[06:02:37] arrival/안국 saved 060237_c201193f4763.json
[06:02:37] arrival/교대 saved 060237_e9c09fd34596.json
[06:02:37] arrival/역삼 saved 060237_06cef92fb606.json
[06:02:37] position/2호선 saved 060237_c5f895411923.json
[06:02:37] position/3호선 saved 060237_55b4a46df1d2.json
[06:02:57] arrival/안국 saved 060257_e7c4bc78b7c5.json
[06:02:57] arrival/교대 saved 060257_d49c89192b73.json
[06:02:57] arrival/역삼 saved 060257_103218d5a6e5.json
[06:02:57] position/2호선 saved 060257_a4fcec75e32e.json
[06:02:57] position/3호선 saved 060257_78291d387e4d.json
[06:03:17] arrival/안국 saved 060317_7c692ba3ffc3.json
[06:03:17] arrival/교대 saved 060317_8ed9e9b08cf7.json
[06:03:17] arrival/역삼 saved 060317_22eec54f4efa.json
[06:03:17] position/2호선 saved 060317_49de49f8797e.json
[06:03:17] position/3호선 saved 060317_b4f9f7a9b25d.json
[06:03:37] arrival/안국 saved 060337_5a3642163b97.json
[06:03:37] arrival/교대 saved 060337_1b9ed7597537.json
[06:03:37] arrival/역삼 saved 060337_ed2b64f48a61.json
[06:03:37] position/2호선 saved 060337_883eb2773ab3.json
[06:03:37] position/3호선 saved 060337_18a34e92a235.json
[06:03:57] arrival/안국 saved 060357_cf80f4308eff.json
[06:03:57] arrival/교대 saved 060357_a19c97e7637d.json
[06:03:57] arrival/역삼 saved 060357_895e87e43de1.json
[06:03:57] position/2호선 saved 060357_4183045bb267.json
[06:03:57] position/3호선 saved 060357_869b56084694.json
[06:04:17] arrival/안국 saved 060417_b9a118e451e5.json
[06:04:17] arrival/교대 saved 060417_ec75dcf8fd8b.json
[06:04:17] arrival/역삼 saved 060417_209a1e3e19b9.json
[06:04:17] position/2호선 saved 060417_e53f1b6a7792.json
[06:04:17] position/3호선 saved 060417_d41049dde74c.json
[06:04:37] arrival/안국 saved 060437_d52ccd5ead73.json
[06:04:37] arrival/교대 saved 060437_b77be0259d11.json
[06:04:37] arrival/역삼 saved 060437_4b4d03cf3810.json
[06:04:37] position/2호선 saved 060437_5b635d20002d.json
[06:04:37] position/3호선 saved 060437_c85442310e1b.json
[06:04:57] arrival/안국 saved 060457_552e3557d8f3.json
[06:04:57] arrival/교대 saved 060457_34ce70a1dab7.json
[06:04:57] arrival/역삼 saved 060457_bef7e12dbc8a.json
[06:04:57] position/2호선 saved 060457_c04b20f29a0c.json
[06:04:57] position/3호선 saved 060457_6c74de4d197e.json
[06:05:17] arrival/안국 saved 060517_17a7df2fb2d9.json
[06:05:17] arrival/교대 saved 060517_0f66df197fb4.json
[06:05:17] arrival/역삼 saved 060517_272bc4282a34.json
[06:05:17] position/2호선 saved 060517_47cf865521ee.json
[06:05:17] position/3호선 saved 060517_eeed93f54e25.json
[06:05:37] arrival/안국 saved 060537_9cb5b9c01651.json
[06:05:37] arrival/교대 saved 060537_9e086707daf8.json
[06:05:37] arrival/역삼 saved 060537_fece53177133.json
[06:05:37] position/2호선 saved 060537_98f429d9e007.json
[06:05:37] position/3호선 saved 060537_300538c7a008.json
[06:05:57] arrival/안국 saved 060557_bc0a306459f3.json
[06:05:57] arrival/교대 saved 060557_b5b90601f898.json
[06:05:57] arrival/역삼 saved 060557_17bd0bc413b6.json
[06:05:57] position/2호선 saved 060557_bdd3896fe4e5.json
[06:05:57] position/3호선 saved 060557_529c0db00670.json
[06:06:17] arrival/안국 saved 060617_59fe6caa2895.json
[06:06:17] arrival/교대 saved 060617_fe95ab9bee94.json
[06:06:17] arrival/역삼 saved 060617_001c544d6cfe.json
[06:06:17] position/2호선 saved 060617_f8892a7e74ea.json
[06:06:17] position/3호선 saved 060617_7b0bd6077840.json
[06:06:37] arrival/안국 saved 060637_93d2d558902d.json
[06:06:37] arrival/교대 saved 060637_b7a6a451c700.json
[06:06:37] arrival/역삼 saved 060637_4bc112b29dd3.json
[06:06:37] position/2호선 saved 060637_e7cd565bce85.json
[06:06:37] position/3호선 saved 060637_0fcaffaac5cf.json
[06:06:57] arrival/안국 saved 060657_e15f47beec24.json
[06:06:57] arrival/교대 saved 060657_999a4ef752fb.json
[06:06:57] arrival/역삼 saved 060657_dbfa1b7c8adf.json
[06:06:57] position/2호선 saved 060657_860931f5b07d.json
[06:06:57] position/3호선 saved 060657_b0258cc94e1b.json
[06:07:17] arrival/안국 saved 060717_7bca14f63eb9.json
[06:07:17] arrival/교대 saved 060717_b70d66a824c7.json
[06:07:17] arrival/역삼 saved 060717_de1de12cf031.json
[06:07:17] position/2호선 saved 060717_395c91bb0115.json
[06:07:17] position/3호선 saved 060717_3d2e64c66f37.json
[06:07:37] arrival/안국 saved 060737_5143b30c6f3a.json
[06:07:37] arrival/교대 saved 060737_de2686b65039.json
[06:07:37] arrival/역삼 saved 060737_b913ad2ce939.json
[06:07:37] position/2호선 saved 060737_5dd406a7077c.json
[06:07:37] position/3호선 saved 060737_7c243bf6fa0c.json
[06:07:57] arrival/안국 saved 060757_d8d39306fad3.json
[06:07:57] arrival/교대 saved 060757_c99b73e67b95.json
[06:07:57] arrival/역삼 saved 060757_c2a9bf98321a.json
[06:07:57] position/2호선 saved 060757_5ff32584d9e6.json
[06:07:57] position/3호선 saved 060757_d6a4c01659cd.json
[06:08:17] arrival/안국 saved 060817_82062d68fa3d.json
[06:08:17] arrival/교대 saved 060817_f45aef5f739e.json
[06:08:17] arrival/역삼 saved 060817_63f5190e4645.json
[06:08:17] position/2호선 saved 060817_34b4058d71bc.json
[06:08:17] position/3호선 saved 060817_c1f8cef3ec08.json
